available: 8 nodes (0,8,250-255)
node 0 cpus: 0 4 8 12 16 20 24 28 32 36 40 44 48 52 56 60 64 68 72 76 80 84
node 0 size: 260752 MB
node 0 free: 231933 MB
node 8 cpus: 88 92 96 100 104 108 112 116 120 124 128 132 136 140 144 148 152 156 160 164 168 172
node 8 size: 261747 MB
node 8 free: 256524 MB
node 250 cpus:
node 250 size: 16128 MB
node 250 free: 16125 MB
node 251 cpus:
node 251 size: 16128 MB
node 251 free: 16128 MB
node 252 cpus:
node 252 size: 16128 MB
node 252 free: 16128 MB
node 253 cpus:
node 253 size: 16128 MB
node 253 free: 16128 MB
node 254 cpus:
node 254 size: 16128 MB
node 254 free: 16128 MB
node 255 cpus:
node 255 size: 16128 MB
node 255 free: 16128 MB
node distances:
node   0   8  250  251  252  253  254  255 
  0:  10  40  80  80  80  80  80  80 
  8:  40  10  80  80  80  80  80  80 
 250:  80  80  10  80  80  80  80  80 
 251:  80  80  80  10  80  80  80  80 
 252:  80  80  80  80  10  80  80  80 
 253:  80  80  80  80  80  10  80  80 
 254:  80  80  80  80  80  80  10  80 
 255:  80  80  80  80  80  80  80  10 
available: 8 nodes (0,8,250-255)
node 0 cpus: 0 4 8 12 16 20 24 28 32 36 40 44 48 52 56 60 64 68 72 76 80 84
node 0 size: 260752 MB
node 0 free: 231933 MB
node 8 cpus: 88 92 96 100 104 108 112 116 120 124 128 132 136 140 144 148 152 156 160 164 168 172
node 8 size: 261747 MB
node 8 free: 256524 MB
node 250 cpus:
node 250 size: 16128 MB
node 250 free: 16125 MB
node 251 cpus:
node 251 size: 16128 MB
node 251 free: 16128 MB
node 252 cpus:
node 252 size: 16128 MB
node 252 free: 16128 MB
node 253 cpus:
node 253 size: 16128 MB
node 253 free: 16128 MB
node 254 cpus:
node 254 size: 16128 MB
node 254 free: 16128 MB
node 255 cpus:
node 255 size: 16128 MB
node 255 free: 16128 MB
node distances:
node   0   8  250  251  252  253  254  255 
  0:  10  40  80  80  80  80  80  80 
  8:  40  10  80  80  80  80  80  80 
 250:  80  80  10  80  80  80  80  80 
 251:  80  80  80  10  80  80  80  80 
 252:  80  80  80  80  10  80  80  80 
 253:  80  80  80  80  80  10  80  80 
 254:  80  80  80  80  80  80  10  80 
 255:  80  80  80  80  80  80  80  10 
available: 8 nodes (0,8,250-255)
node 0 cpus: 0 4 8 12 16 20 24 28 32 36 40 44 48 52 56 60 64 68 72 76 80 84
node 0 size: 260752 MB
node 0 free: 231933 MB
node 8 cpus: 88 92 96 100 104 108 112 116 120 124 128 132 136 140 144 148 152 156 160 164 168 172
node 8 size: 261747 MB
node 8 free: 256524 MB
node 250 cpus:
node 250 size: 16128 MB
node 250 free: 16125 MB
node 251 cpus:
node 251 size: 16128 MB
node 251 free: 16128 MB
node 252 cpus:
node 252 size: 16128 MB
node 252 free: 16128 MB
node 253 cpus:
node 253 size: 16128 MB
node 253 free: 16128 MB
node 254 cpus:
node 254 size: 16128 MB
node 254 free: 16128 MB
node 255 cpus:
node 255 size: 16128 MB
node 255 free: 16128 MB
node distances:
node   0   8  250  251  252  253  254  255 
  0:  10  40  80  80  80  80  80  80 
  8:  40  10  80  80  80  80  80  80 
 250:  80  80  10  80  80  80  80  80 
 251:  80  80  80  10  80  80  80  80 
 252:  80  80  80  80  10  80  80  80 
 253:  80  80  80  80  80  10  80  80 
 254:  80  80  80  80  80  80  10  80 
 255:  80  80  80  80  80  80  80  10 
available: 8 nodes (0,8,250-255)
node 0 cpus: 0 4 8 12 16 20 24 28 32 36 40 44 48 52 56 60 64 68 72 76 80 84
node 0 size: 260752 MB
node 0 free: 231933 MB
node 8 cpus: 88 92 96 100 104 108 112 116 120 124 128 132 136 140 144 148 152 156 160 164 168 172
node 8 size: 261747 MB
node 8 free: 256524 MB
node 250 cpus:
node 250 size: 16128 MB
node 250 free: 16125 MB
node 251 cpus:
node 251 size: 16128 MB
node 251 free: 16128 MB
node 252 cpus:
node 252 size: 16128 MB
node 252 free: 16128 MB
node 253 cpus:
node 253 size: 16128 MB
node 253 free: 16128 MB
node 254 cpus:
node 254 size: 16128 MB
node 254 free: 16128 MB
node 255 cpus:
node 255 size: 16128 MB
node 255 free: 16128 MB
node distances:
node   0   8  250  251  252  253  254  255 
  0:  10  40  80  80  80  80  80  80 
  8:  40  10  80  80  80  80  80  80 
 250:  80  80  10  80  80  80  80  80 
 251:  80  80  80  10  80  80  80  80 
 252:  80  80  80  80  10  80  80  80 
 253:  80  80  80  80  80  10  80  80 
 254:  80  80  80  80  80  80  10  80 
 255:  80  80  80  80  80  80  80  10 
available: 8 nodes (0,8,250-255)
node 0 cpus: 0 4 8 12 16 20 24 28 32 36 40 44 48 52 56 60 64 68 72 76 80 84
node 0 size: 260752 MB
node 0 free: 233897 MB
node 8 cpus: 88 92 96 100 104 108 112 116 120 124 128 132 136 140 144 148 152 156 160 164 168 172
node 8 size: 261747 MB
node 8 free: 254100 MB
node 250 cpus:
node 250 size: 16128 MB
node 250 free: 16126 MB
node 251 cpus:
node 251 size: 16128 MB
node 251 free: 16128 MB
node 252 cpus:
node 252 size: 16128 MB
node 252 free: 16127 MB
node 253 cpus:
node 253 size: 16128 MB
node 253 free: 16128 MB
node 254 cpus:
node 254 size: 16128 MB
node 254 free: 16128 MB
node 255 cpus:
node 255 size: 16128 MB
node 255 free: 16128 MB
node distances:
node   0   8  250  251  252  253  254  255 
  0:  10  40  80  80  80  80  80  80 
  8:  40  10  80  80  80  80  80  80 
 250:  80  80  10  80  80  80  80  80 
 251:  80  80  80  10  80  80  80  80 
 252:  80  80  80  80  10  80  80  80 
 253:  80  80  80  80  80  10  80  80 
 254:  80  80  80  80  80  80  10  80 
 255:  80  80  80  80  80  80  80  10 
available: 8 nodes (0,8,250-255)
node 0 cpus: 0 4 8 12 16 20 24 28 32 36 40 44 48 52 56 60 64 68 72 76 80 84
node 0 size: 260752 MB
node 0 free: 233897 MB
node 8 cpus: 88 92 96 100 104 108 112 116 120 124 128 132 136 140 144 148 152 156 160 164 168 172
node 8 size: 261747 MB
node 8 free: 254100 MB
node 250 cpus:
node 250 size: 16128 MB
node 250 free: 16126 MB
node 251 cpus:
node 251 size: 16128 MB
node 251 free: 16128 MB
node 252 cpus:
node 252 size: 16128 MB
node 252 free: 16127 MB
node 253 cpus:
node 253 size: 16128 MB
node 253 free: 16128 MB
node 254 cpus:
node 254 size: 16128 MB
node 254 free: 16128 MB
node 255 cpus:
node 255 size: 16128 MB
node 255 free: 16128 MB
node distances:
node   0   8  250  251  252  253  254  255 
  0:  10  40  80  80  80  80  80  80 
  8:  40  10  80  80  80  80  80  80 
 250:  80  80  10  80  80  80  80  80 
 251:  80  80  80  10  80  80  80  80 
 252:  80  80  80  80  10  80  80  80 
 253:  80  80  80  80  80  10  80  80 
 254:  80  80  80  80  80  80  10  80 
 255:  80  80  80  80  80  80  80  10 
available: 8 nodes (0,8,250-255)
node 0 cpus: 0 4 8 12 16 20 24 28 32 36 40 44 48 52 56 60 64 68 72 76 80 84
node 0 size: 260752 MB
node 0 free: 233897 MB
node 8 cpus: 88 92 96 100 104 108 112 116 120 124 128 132 136 140 144 148 152 156 160 164 168 172
node 8 size: 261747 MB
node 8 free: 254100 MB
node 250 cpus:
node 250 size: 16128 MB
node 250 free: 16126 MB
node 251 cpus:
node 251 size: 16128 MB
node 251 free: 16128 MB
node 252 cpus:
node 252 size: 16128 MB
node 252 free: 16127 MB
node 253 cpus:
node 253 size: 16128 MB
node 253 free: 16128 MB
node 254 cpus:
node 254 size: 16128 MB
node 254 free: 16128 MB
node 255 cpus:
node 255 size: 16128 MB
node 255 free: 16128 MB
node distances:
node   0   8  250  251  252  253  254  255 
  0:  10  40  80  80  80  80  80  80 
  8:  40  10  80  80  80  80  80  80 
 250:  80  80  10  80  80  80  80  80 
 251:  80  80  80  10  80  80  80  80 
 252:  80  80  80  80  10  80  80  80 
 253:  80  80  80  80  80  10  80  80 
 254:  80  80  80  80  80  80  10  80 
 255:  80  80  80  80  80  80  80  10 
available: 8 nodes (0,8,250-255)
node 0 cpus: 0 4 8 12 16 20 24 28 32 36 40 44 48 52 56 60 64 68 72 76 80 84
node 0 size: 260752 MB
node 0 free: 233897 MB
node 8 cpus: 88 92 96 100 104 108 112 116 120 124 128 132 136 140 144 148 152 156 160 164 168 172
node 8 size: 261747 MB
node 8 free: 254100 MB
node 250 cpus:
node 250 size: 16128 MB
node 250 free: 16126 MB
node 251 cpus:
node 251 size: 16128 MB
node 251 free: 16128 MB
node 252 cpus:
node 252 size: 16128 MB
node 252 free: 16127 MB
node 253 cpus:
node 253 size: 16128 MB
node 253 free: 16128 MB
node 254 cpus:
node 254 size: 16128 MB
node 254 free: 16128 MB
node 255 cpus:
node 255 size: 16128 MB
node 255 free: 16128 MB
node distances:
node   0   8  250  251  252  253  254  255 
  0:  10  40  80  80  80  80  80  80 
  8:  40  10  80  80  80  80  80  80 
 250:  80  80  10  80  80  80  80  80 
 251:  80  80  80  10  80  80  80  80 
 252:  80  80  80  80  10  80  80  80 
 253:  80  80  80  80  80  10  80  80 
 254:  80  80  80  80  80  80  10  80 
 255:  80  80  80  80  80  80  80  10 
available: 8 nodes (0,8,250-255)
node 0 cpus: 0 4 8 12 16 20 24 28 32 36 40 44 48 52 56 60 64 68 72 76 80 84
node 0 size: 260752 MB
node 0 free: 232475 MB
node 8 cpus: 88 92 96 100 104 108 112 116 120 124 128 132 136 140 144 148 152 156 160 164 168 172
node 8 size: 261747 MB
node 8 free: 253269 MB
node 250 cpus:
node 250 size: 16128 MB
node 250 free: 16126 MB
node 251 cpus:
node 251 size: 16128 MB
node 251 free: 16128 MB
node 252 cpus:
node 252 size: 16128 MB
node 252 free: 16128 MB
node 253 cpus:
node 253 size: 16128 MB
node 253 free: 16128 MB
node 254 cpus:
node 254 size: 16128 MB
node 254 free: 16128 MB
node 255 cpus:
node 255 size: 16128 MB
node 255 free: 16128 MB
node distances:
node   0   8  250  251  252  253  254  255 
  0:  10  40  80  80  80  80  80  80 
  8:  40  10  80  80  80  80  80  80 
 250:  80  80  10  80  80  80  80  80 
 251:  80  80  80  10  80  80  80  80 
 252:  80  80  80  80  10  80  80  80 
 253:  80  80  80  80  80  10  80  80 
 254:  80  80  80  80  80  80  10  80 
 255:  80  80  80  80  80  80  80  10 
available: 8 nodes (0,8,250-255)
node 0 cpus: 0 4 8 12 16 20 24 28 32 36 40 44 48 52 56 60 64 68 72 76 80 84
node 0 size: 260752 MB
node 0 free: 234259 MB
node 8 cpus: 88 92 96 100 104 108 112 116 120 124 128 132 136 140 144 148 152 156 160 164 168 172
node 8 size: 261747 MB
node 8 free: 255434 MB
node 250 cpus:
node 250 size: 16128 MB
node 250 free: 16126 MB
node 251 cpus:
node 251 size: 16128 MB
node 251 free: 16127 MB
node 252 cpus:
node 252 size: 16128 MB
node 252 free: 16128 MB
node 253 cpus:
node 253 size: 16128 MB
node 253 free: 16128 MB
node 254 cpus:
node 254 size: 16128 MB
node 254 free: 16128 MB
node 255 cpus:
node 255 size: 16128 MB
node 255 free: 16128 MB
node distances:
node   0   8  250  251  252  253  254  255 
  0:  10  40  80  80  80  80  80  80 
  8:  40  10  80  80  80  80  80  80 
 250:  80  80  10  80  80  80  80  80 
 251:  80  80  80  10  80  80  80  80 
 252:  80  80  80  80  10  80  80  80 
 253:  80  80  80  80  80  10  80  80 
 254:  80  80  80  80  80  80  10  80 
 255:  80  80  80  80  80  80  80  10 
available: 8 nodes (0,8,250-255)
node 0 cpus: 0 4 8 12 16 20 24 28 32 36 40 44 48 52 56 60 64 68 72 76 80 84
node 0 size: 260752 MB
node 0 free: 232475 MB
node 8 cpus: 88 92 96 100 104 108 112 116 120 124 128 132 136 140 144 148 152 156 160 164 168 172
node 8 size: 261747 MB
node 8 free: 253269 MB
node 250 cpus:
node 250 size: 16128 MB
node 250 free: 16126 MB
node 251 cpus:
node 251 size: 16128 MB
node 251 free: 16128 MB
node 252 cpus:
node 252 size: 16128 MB
node 252 free: 16128 MB
node 253 cpus:
node 253 size: 16128 MB
node 253 free: 16128 MB
node 254 cpus:
node 254 size: 16128 MB
node 254 free: 16128 MB
node 255 cpus:
node 255 size: 16128 MB
node 255 free: 16128 MB
node distances:
node   0   8  250  251  252  253  254  255 
  0:  10  40  80  80  80  80  80  80 
  8:  40  10  80  80  80  80  80  80 
 250:  80  80  10  80  80  80  80  80 
 251:  80  80  80  10  80  80  80  80 
 252:  80  80  80  80  10  80  80  80 
 253:  80  80  80  80  80  10  80  80 
 254:  80  80  80  80  80  80  10  80 
 255:  80  80  80  80  80  80  80  10 
available: 8 nodes (0,8,250-255)
node 0 cpus: 0 4 8 12 16 20 24 28 32 36 40 44 48 52 56 60 64 68 72 76 80 84
node 0 size: 260752 MB
node 0 free: 234259 MB
node 8 cpus: 88 92 96 100 104 108 112 116 120 124 128 132 136 140 144 148 152 156 160 164 168 172
node 8 size: 261747 MB
node 8 free: 255434 MB
node 250 cpus:
node 250 size: 16128 MB
node 250 free: 16126 MB
node 251 cpus:
node 251 size: 16128 MB
node 251 free: 16127 MB
node 252 cpus:
node 252 size: 16128 MB
node 252 free: 16128 MB
node 253 cpus:
node 253 size: 16128 MB
node 253 free: 16128 MB
node 254 cpus:
node 254 size: 16128 MB
node 254 free: 16128 MB
node 255 cpus:
node 255 size: 16128 MB
node 255 free: 16128 MB
node distances:
node   0   8  250  251  252  253  254  255 
  0:  10  40  80  80  80  80  80  80 
  8:  40  10  80  80  80  80  80  80 
 250:  80  80  10  80  80  80  80  80 
 251:  80  80  80  10  80  80  80  80 
 252:  80  80  80  80  10  80  80  80 
 253:  80  80  80  80  80  10  80  80 
 254:  80  80  80  80  80  80  10  80 
 255:  80  80  80  80  80  80  80  10 
available: 8 nodes (0,8,250-255)
node 0 cpus: 0 4 8 12 16 20 24 28 32 36 40 44 48 52 56 60 64 68 72 76 80 84
node 0 size: 260752 MB
node 0 free: 232475 MB
node 8 cpus: 88 92 96 100 104 108 112 116 120 124 128 132 136 140 144 148 152 156 160 164 168 172
node 8 size: 261747 MB
node 8 free: 253269 MB
node 250 cpus:
node 250 size: 16128 MB
node 250 free: 16126 MB
node 251 cpus:
node 251 size: 16128 MB
node 251 free: 16128 MB
node 252 cpus:
node 252 size: 16128 MB
node 252 free: 16128 MB
node 253 cpus:
node 253 size: 16128 MB
node 253 free: 16128 MB
node 254 cpus:
node 254 size: 16128 MB
node 254 free: 16128 MB
node 255 cpus:
node 255 size: 16128 MB
node 255 free: 16128 MB
node distances:
node   0   8  250  251  252  253  254  255 
  0:  10  40  80  80  80  80  80  80 
  8:  40  10  80  80  80  80  80  80 
 250:  80  80  10  80  80  80  80  80 
 251:  80  80  80  10  80  80  80  80 
 252:  80  80  80  80  10  80  80  80 
 253:  80  80  80  80  80  10  80  80 
 254:  80  80  80  80  80  80  10  80 
 255:  80  80  80  80  80  80  80  10 
available: 8 nodes (0,8,250-255)
node 0 cpus: 0 4 8 12 16 20 24 28 32 36 40 44 48 52 56 60 64 68 72 76 80 84
node 0 size: 260752 MB
node 0 free: 234259 MB
node 8 cpus: 88 92 96 100 104 108 112 116 120 124 128 132 136 140 144 148 152 156 160 164 168 172
node 8 size: 261747 MB
node 8 free: 255434 MB
node 250 cpus:
node 250 size: 16128 MB
node 250 free: 16126 MB
node 251 cpus:
node 251 size: 16128 MB
node 251 free: 16127 MB
node 252 cpus:
node 252 size: 16128 MB
node 252 free: 16128 MB
node 253 cpus:
node 253 size: 16128 MB
node 253 free: 16128 MB
node 254 cpus:
node 254 size: 16128 MB
node 254 free: 16128 MB
node 255 cpus:
node 255 size: 16128 MB
node 255 free: 16128 MB
node distances:
node   0   8  250  251  252  253  254  255 
  0:  10  40  80  80  80  80  80  80 
  8:  40  10  80  80  80  80  80  80 
 250:  80  80  10  80  80  80  80  80 
 251:  80  80  80  10  80  80  80  80 
 252:  80  80  80  80  10  80  80  80 
 253:  80  80  80  80  80  10  80  80 
 254:  80  80  80  80  80  80  10  80 
 255:  80  80  80  80  80  80  80  10 
available: 8 nodes (0,8,250-255)
node 0 cpus: 0 4 8 12 16 20 24 28 32 36 40 44 48 52 56 60 64 68 72 76 80 84
node 0 size: 260752 MB
node 0 free: 232475 MB
node 8 cpus: 88 92 96 100 104 108 112 116 120 124 128 132 136 140 144 148 152 156 160 164 168 172
node 8 size: 261747 MB
node 8 free: 253269 MB
node 250 cpus:
node 250 size: 16128 MB
node 250 free: 16126 MB
node 251 cpus:
node 251 size: 16128 MB
node 251 free: 16128 MB
node 252 cpus:
node 252 size: 16128 MB
node 252 free: 16128 MB
node 253 cpus:
node 253 size: 16128 MB
node 253 free: 16128 MB
node 254 cpus:
node 254 size: 16128 MB
node 254 free: 16128 MB
node 255 cpus:
node 255 size: 16128 MB
node 255 free: 16128 MB
node distances:
node   0   8  250  251  252  253  254  255 
  0:  10  40  80  80  80  80  80  80 
  8:  40  10  80  80  80  80  80  80 
 250:  80  80  10  80  80  80  80  80 
 251:  80  80  80  10  80  80  80  80 
 252:  80  80  80  80  10  80  80  80 
 253:  80  80  80  80  80  10  80  80 
 254:  80  80  80  80  80  80  10  80 
 255:  80  80  80  80  80  80  80  10 
available: 8 nodes (0,8,250-255)
node 0 cpus: 0 4 8 12 16 20 24 28 32 36 40 44 48 52 56 60 64 68 72 76 80 84
node 0 size: 260752 MB
node 0 free: 234259 MB
node 8 cpus: 88 92 96 100 104 108 112 116 120 124 128 132 136 140 144 148 152 156 160 164 168 172
node 8 size: 261747 MB
node 8 free: 255434 MB
node 250 cpus:
node 250 size: 16128 MB
node 250 free: 16126 MB
node 251 cpus:
node 251 size: 16128 MB
node 251 free: 16127 MB
node 252 cpus:
node 252 size: 16128 MB
node 252 free: 16128 MB
node 253 cpus:
node 253 size: 16128 MB
node 253 free: 16128 MB
node 254 cpus:
node 254 size: 16128 MB
node 254 free: 16128 MB
node 255 cpus:
node 255 size: 16128 MB
node 255 free: 16128 MB
node distances:
node   0   8  250  251  252  253  254  255 
  0:  10  40  80  80  80  80  80  80 
  8:  40  10  80  80  80  80  80  80 
 250:  80  80  10  80  80  80  80  80 
 251:  80  80  80  10  80  80  80  80 
 252:  80  80  80  80  10  80  80  80 
 253:  80  80  80  80  80  10  80  80 
 254:  80  80  80  80  80  80  10  80 
 255:  80  80  80  80  80  80  80  10 
available: 8 nodes (0,8,250-255)
node 0 cpus: 0 4 8 12 16 20 24 28 32 36 40 44 48 52 56 60 64 68 72 76 80 84
node 0 size: 260752 MB
node 0 free: 236437 MB
node 8 cpus: 88 92 96 100 104 108 112 116 120 124 128 132 136 140 144 148 152 156 160 164 168 172
node 8 size: 261747 MB
node 8 free: 253052 MB
node 250 cpus:
node 250 size: 16128 MB
node 250 free: 16125 MB
node 251 cpus:
node 251 size: 16128 MB
node 251 free: 16128 MB
node 252 cpus:
node 252 size: 16128 MB
node 252 free: 16128 MB
node 253 cpus:
node 253 size: 16128 MB
node 253 free: 16128 MB
node 254 cpus:
node 254 size: 16128 MB
node 254 free: 16128 MB
node 255 cpus:
node 255 size: 16128 MB
node 255 free: 16128 MB
node distances:
node   0   8  250  251  252  253  254  255 
  0:  10  40  80  80  80  80  80  80 
  8:  40  10  80  80  80  80  80  80 
 250:  80  80  10  80  80  80  80  80 
 251:  80  80  80  10  80  80  80  80 
 252:  80  80  80  80  10  80  80  80 
 253:  80  80  80  80  80  10  80  80 
 254:  80  80  80  80  80  80  10  80 
 255:  80  80  80  80  80  80  80  10 
available: 8 nodes (0,8,250-255)
node 0 cpus: 0 4 8 12 16 20 24 28 32 36 40 44 48 52 56 60 64 68 72 76 80 84
node 0 size: 260752 MB
node 0 free: 236437 MB
node 8 cpus: 88 92 96 100 104 108 112 116 120 124 128 132 136 140 144 148 152 156 160 164 168 172
node 8 size: 261747 MB
node 8 free: 253052 MB
node 250 cpus:
node 250 size: 16128 MB
node 250 free: 16125 MB
node 251 cpus:
node 251 size: 16128 MB
node 251 free: 16128 MB
node 252 cpus:
node 252 size: 16128 MB
node 252 free: 16128 MB
node 253 cpus:
node 253 size: 16128 MB
node 253 free: 16128 MB
node 254 cpus:
node 254 size: 16128 MB
node 254 free: 16128 MB
node 255 cpus:
node 255 size: 16128 MB
node 255 free: 16128 MB
node distances:
node   0   8  250  251  252  253  254  255 
  0:  10  40  80  80  80  80  80  80 
  8:  40  10  80  80  80  80  80  80 
 250:  80  80  10  80  80  80  80  80 
 251:  80  80  80  10  80  80  80  80 
 252:  80  80  80  80  10  80  80  80 
 253:  80  80  80  80  80  10  80  80 
 254:  80  80  80  80  80  80  10  80 
 255:  80  80  80  80  80  80  80  10 
available: 8 nodes (0,8,250-255)
node 0 cpus: 0 4 8 12 16 20 24 28 32 36 40 44 48 52 56 60 64 68 72 76 80 84
node 0 size: 260752 MB
node 0 free: 236437 MB
node 8 cpus: 88 92 96 100 104 108 112 116 120 124 128 132 136 140 144 148 152 156 160 164 168 172
node 8 size: 261747 MB
node 8 free: 253052 MB
node 250 cpus:
node 250 size: 16128 MB
node 250 free: 16125 MB
node 251 cpus:
node 251 size: 16128 MB
node 251 free: 16128 MB
node 252 cpus:
node 252 size: 16128 MB
node 252 free: 16128 MB
node 253 cpus:
node 253 size: 16128 MB
node 253 free: 16128 MB
node 254 cpus:
node 254 size: 16128 MB
node 254 free: 16128 MB
node 255 cpus:
node 255 size: 16128 MB
node 255 free: 16128 MB
node distances:
node   0   8  250  251  252  253  254  255 
  0:  10  40  80  80  80  80  80  80 
  8:  40  10  80  80  80  80  80  80 
 250:  80  80  10  80  80  80  80  80 
 251:  80  80  80  10  80  80  80  80 
 252:  80  80  80  80  10  80  80  80 
 253:  80  80  80  80  80  10  80  80 
 254:  80  80  80  80  80  80  10  80 
 255:  80  80  80  80  80  80  80  10 
available: 8 nodes (0,8,250-255)
node 0 cpus: 0 4 8 12 16 20 24 28 32 36 40 44 48 52 56 60 64 68 72 76 80 84
node 0 size: 260752 MB
node 0 free: 236437 MB
node 8 cpus: 88 92 96 100 104 108 112 116 120 124 128 132 136 140 144 148 152 156 160 164 168 172
node 8 size: 261747 MB
node 8 free: 253052 MB
node 250 cpus:
node 250 size: 16128 MB
node 250 free: 16125 MB
node 251 cpus:
node 251 size: 16128 MB
node 251 free: 16128 MB
node 252 cpus:
node 252 size: 16128 MB
node 252 free: 16128 MB
node 253 cpus:
node 253 size: 16128 MB
node 253 free: 16128 MB
node 254 cpus:
node 254 size: 16128 MB
node 254 free: 16128 MB
node 255 cpus:
node 255 size: 16128 MB
node 255 free: 16128 MB
node distances:
node   0   8  250  251  252  253  254  255 
  0:  10  40  80  80  80  80  80  80 
  8:  40  10  80  80  80  80  80  80 
 250:  80  80  10  80  80  80  80  80 
 251:  80  80  80  10  80  80  80  80 
 252:  80  80  80  80  10  80  80  80 
 253:  80  80  80  80  80  10  80  80 
 254:  80  80  80  80  80  80  10  80 
 255:  80  80  80  80  80  80  80  10 
available: 8 nodes (0,8,250-255)
node 0 cpus: 0 4 8 12 16 20 24 28 32 36 40 44 48 52 56 60 64 68 72 76 80 84
node 0 size: 260752 MB
node 0 free: 250332 MB
node 8 cpus: 88 92 96 100 104 108 112 116 120 124 128 132 136 140 144 148 152 156 160 164 168 172
node 8 size: 261747 MB
node 8 free: 232880 MB
node 250 cpus:
node 250 size: 16128 MB
node 250 free: 16126 MB
node 251 cpus:
node 251 size: 16128 MB
node 251 free: 16128 MB
node 252 cpus:
node 252 size: 16128 MB
node 252 free: 16128 MB
node 253 cpus:
node 253 size: 16128 MB
node 253 free: 16128 MB
node 254 cpus:
node 254 size: 16128 MB
node 254 free: 16128 MB
node 255 cpus:
node 255 size: 16128 MB
node 255 free: 16128 MB
node distances:
node   0   8  250  251  252  253  254  255 
  0:  10  40  80  80  80  80  80  80 
  8:  40  10  80  80  80  80  80  80 
 250:  80  80  10  80  80  80  80  80 
 251:  80  80  80  10  80  80  80  80 
 252:  80  80  80  80  10  80  80  80 
 253:  80  80  80  80  80  10  80  80 
 254:  80  80  80  80  80  80  10  80 
 255:  80  80  80  80  80  80  80  10 
available: 8 nodes (0,8,250-255)
node 0 cpus: 0 4 8 12 16 20 24 28 32 36 40 44 48 52 56 60 64 68 72 76 80 84
node 0 size: 260752 MB
node 0 free: 250332 MB
node 8 cpus: 88 92 96 100 104 108 112 116 120 124 128 132 136 140 144 148 152 156 160 164 168 172
node 8 size: 261747 MB
node 8 free: 232880 MB
node 250 cpus:
node 250 size: 16128 MB
node 250 free: 16126 MB
node 251 cpus:
node 251 size: 16128 MB
node 251 free: 16128 MB
node 252 cpus:
node 252 size: 16128 MB
node 252 free: 16128 MB
node 253 cpus:
node 253 size: 16128 MB
node 253 free: 16128 MB
node 254 cpus:
node 254 size: 16128 MB
node 254 free: 16128 MB
node 255 cpus:
node 255 size: 16128 MB
node 255 free: 16128 MB
node distances:
node   0   8  250  251  252  253  254  255 
  0:  10  40  80  80  80  80  80  80 
  8:  40  10  80  80  80  80  80  80 
 250:  80  80  10  80  80  80  80  80 
 251:  80  80  80  10  80  80  80  80 
 252:  80  80  80  80  10  80  80  80 
 253:  80  80  80  80  80  10  80  80 
 254:  80  80  80  80  80  80  10  80 
 255:  80  80  80  80  80  80  80  10 
available: 8 nodes (0,8,250-255)
node 0 cpus: 0 4 8 12 16 20 24 28 32 36 40 44 48 52 56 60 64 68 72 76 80 84
node 0 size: 260752 MB
node 0 free: 250332 MB
node 8 cpus: 88 92 96 100 104 108 112 116 120 124 128 132 136 140 144 148 152 156 160 164 168 172
node 8 size: 261747 MB
node 8 free: 232880 MB
node 250 cpus:
node 250 size: 16128 MB
node 250 free: 16126 MB
node 251 cpus:
node 251 size: 16128 MB
node 251 free: 16128 MB
node 252 cpus:
node 252 size: 16128 MB
node 252 free: 16128 MB
node 253 cpus:
node 253 size: 16128 MB
node 253 free: 16128 MB
node 254 cpus:
node 254 size: 16128 MB
node 254 free: 16128 MB
node 255 cpus:
node 255 size: 16128 MB
node 255 free: 16128 MB
node distances:
node   0   8  250  251  252  253  254  255 
  0:  10  40  80  80  80  80  80  80 
  8:  40  10  80  80  80  80  80  80 
 250:  80  80  10  80  80  80  80  80 
 251:  80  80  80  10  80  80  80  80 
 252:  80  80  80  80  10  80  80  80 
 253:  80  80  80  80  80  10  80  80 
 254:  80  80  80  80  80  80  10  80 
 255:  80  80  80  80  80  80  80  10 
available: 8 nodes (0,8,250-255)
node 0 cpus: 0 4 8 12 16 20 24 28 32 36 40 44 48 52 56 60 64 68 72 76 80 84
node 0 size: 260752 MB
node 0 free: 250332 MB
node 8 cpus: 88 92 96 100 104 108 112 116 120 124 128 132 136 140 144 148 152 156 160 164 168 172
node 8 size: 261747 MB
node 8 free: 232880 MB
node 250 cpus:
node 250 size: 16128 MB
node 250 free: 16126 MB
node 251 cpus:
node 251 size: 16128 MB
node 251 free: 16128 MB
node 252 cpus:
node 252 size: 16128 MB
node 252 free: 16128 MB
node 253 cpus:
node 253 size: 16128 MB
node 253 free: 16128 MB
node 254 cpus:
node 254 size: 16128 MB
node 254 free: 16128 MB
node 255 cpus:
node 255 size: 16128 MB
node 255 free: 16128 MB
node distances:
node   0   8  250  251  252  253  254  255 
  0:  10  40  80  80  80  80  80  80 
  8:  40  10  80  80  80  80  80  80 
 250:  80  80  10  80  80  80  80  80 
 251:  80  80  80  10  80  80  80  80 
 252:  80  80  80  80  10  80  80  80 
 253:  80  80  80  80  80  10  80  80 
 254:  80  80  80  80  80  80  10  80 
 255:  80  80  80  80  80  80  80  10 
available: 8 nodes (0,8,250-255)
node 0 cpus: 0 4 8 12 16 20 24 28 32 36 40 44 48 52 56 60 64 68 72 76 80 84
node 0 size: 260752 MB
node 0 free: 229400 MB
node 8 cpus: 88 92 96 100 104 108 112 116 120 124 128 132 136 140 144 148 152 156 160 164 168 172
node 8 size: 261747 MB
node 8 free: 250205 MB
node 250 cpus:
node 250 size: 16128 MB
node 250 free: 16125 MB
node 251 cpus:
node 251 size: 16128 MB
node 251 free: 16128 MB
node 252 cpus:
node 252 size: 16128 MB
node 252 free: 16128 MB
node 253 cpus:
node 253 size: 16128 MB
node 253 free: 16128 MB
node 254 cpus:
node 254 size: 16128 MB
node 254 free: 16128 MB
node 255 cpus:
node 255 size: 16128 MB
node 255 free: 16128 MB
node distances:
node   0   8  250  251  252  253  254  255 
  0:  10  40  80  80  80  80  80  80 
  8:  40  10  80  80  80  80  80  80 
 250:  80  80  10  80  80  80  80  80 
 251:  80  80  80  10  80  80  80  80 
 252:  80  80  80  80  10  80  80  80 
 253:  80  80  80  80  80  10  80  80 
 254:  80  80  80  80  80  80  10  80 
 255:  80  80  80  80  80  80  80  10 
available: 8 nodes (0,8,250-255)
node 0 cpus: 0 4 8 12 16 20 24 28 32 36 40 44 48 52 56 60 64 68 72 76 80 84
node 0 size: 260752 MB
node 0 free: 229400 MB
node 8 cpus: 88 92 96 100 104 108 112 116 120 124 128 132 136 140 144 148 152 156 160 164 168 172
node 8 size: 261747 MB
node 8 free: 250205 MB
node 250 cpus:
node 250 size: 16128 MB
node 250 free: 16125 MB
node 251 cpus:
node 251 size: 16128 MB
node 251 free: 16128 MB
node 252 cpus:
node 252 size: 16128 MB
node 252 free: 16128 MB
node 253 cpus:
node 253 size: 16128 MB
node 253 free: 16128 MB
node 254 cpus:
node 254 size: 16128 MB
node 254 free: 16128 MB
node 255 cpus:
node 255 size: 16128 MB
node 255 free: 16128 MB
node distances:
node   0   8  250  251  252  253  254  255 
  0:  10  40  80  80  80  80  80  80 
  8:  40  10  80  80  80  80  80  80 
 250:  80  80  10  80  80  80  80  80 
 251:  80  80  80  10  80  80  80  80 
 252:  80  80  80  80  10  80  80  80 
 253:  80  80  80  80  80  10  80  80 
 254:  80  80  80  80  80  80  10  80 
 255:  80  80  80  80  80  80  80  10 
available: 8 nodes (0,8,250-255)
node 0 cpus: 0 4 8 12 16 20 24 28 32 36 40 44 48 52 56 60 64 68 72 76 80 84
node 0 size: 260752 MB
node 0 free: 229400 MB
node 8 cpus: 88 92 96 100 104 108 112 116 120 124 128 132 136 140 144 148 152 156 160 164 168 172
node 8 size: 261747 MB
node 8 free: 250205 MB
node 250 cpus:
node 250 size: 16128 MB
node 250 free: 16125 MB
node 251 cpus:
node 251 size: 16128 MB
node 251 free: 16128 MB
node 252 cpus:
node 252 size: 16128 MB
node 252 free: 16128 MB
node 253 cpus:
node 253 size: 16128 MB
node 253 free: 16128 MB
node 254 cpus:
node 254 size: 16128 MB
node 254 free: 16128 MB
node 255 cpus:
node 255 size: 16128 MB
node 255 free: 16128 MB
node distances:
node   0   8  250  251  252  253  254  255 
  0:  10  40  80  80  80  80  80  80 
  8:  40  10  80  80  80  80  80  80 
 250:  80  80  10  80  80  80  80  80 
 251:  80  80  80  10  80  80  80  80 
 252:  80  80  80  80  10  80  80  80 
 253:  80  80  80  80  80  10  80  80 
 254:  80  80  80  80  80  80  10  80 
 255:  80  80  80  80  80  80  80  10 
available: 8 nodes (0,8,250-255)
node 0 cpus: 0 4 8 12 16 20 24 28 32 36 40 44 48 52 56 60 64 68 72 76 80 84
node 0 size: 260752 MB
node 0 free: 229400 MB
node 8 cpus: 88 92 96 100 104 108 112 116 120 124 128 132 136 140 144 148 152 156 160 164 168 172
node 8 size: 261747 MB
node 8 free: 250205 MB
node 250 cpus:
node 250 size: 16128 MB
node 250 free: 16125 MB
node 251 cpus:
node 251 size: 16128 MB
node 251 free: 16128 MB
node 252 cpus:
node 252 size: 16128 MB
node 252 free: 16128 MB
node 253 cpus:
node 253 size: 16128 MB
node 253 free: 16128 MB
node 254 cpus:
node 254 size: 16128 MB
node 254 free: 16128 MB
node 255 cpus:
node 255 size: 16128 MB
node 255 free: 16128 MB
node distances:
node   0   8  250  251  252  253  254  255 
  0:  10  40  80  80  80  80  80  80 
  8:  40  10  80  80  80  80  80  80 
 250:  80  80  10  80  80  80  80  80 
 251:  80  80  80  10  80  80  80  80 
 252:  80  80  80  80  10  80  80  80 
 253:  80  80  80  80  80  10  80  80 
 254:  80  80  80  80  80  80  10  80 
 255:  80  80  80  80  80  80  80  10 
available: 8 nodes (0,8,250-255)
node 0 cpus: 0 4 8 12 16 20 24 28 32 36 40 44 48 52 56 60 64 68 72 76 80 84
node 0 size: 260752 MB
node 0 free: 247628 MB
node 8 cpus: 88 92 96 100 104 108 112 116 120 124 128 132 136 140 144 148 152 156 160 164 168 172
node 8 size: 261747 MB
node 8 free: 235330 MB
node 250 cpus:
node 250 size: 16128 MB
node 250 free: 16125 MB
node 251 cpus:
node 251 size: 16128 MB
node 251 free: 16127 MB
node 252 cpus:
node 252 size: 16128 MB
node 252 free: 16128 MB
node 253 cpus:
node 253 size: 16128 MB
node 253 free: 16128 MB
node 254 cpus:
node 254 size: 16128 MB
node 254 free: 16128 MB
node 255 cpus:
node 255 size: 16128 MB
node 255 free: 16128 MB
node distances:
node   0   8  250  251  252  253  254  255 
  0:  10  40  80  80  80  80  80  80 
  8:  40  10  80  80  80  80  80  80 
 250:  80  80  10  80  80  80  80  80 
 251:  80  80  80  10  80  80  80  80 
 252:  80  80  80  80  10  80  80  80 
 253:  80  80  80  80  80  10  80  80 
 254:  80  80  80  80  80  80  10  80 
 255:  80  80  80  80  80  80  80  10 
available: 8 nodes (0,8,250-255)
node 0 cpus: 0 4 8 12 16 20 24 28 32 36 40 44 48 52 56 60 64 68 72 76 80 84
node 0 size: 260752 MB
node 0 free: 247628 MB
node 8 cpus: 88 92 96 100 104 108 112 116 120 124 128 132 136 140 144 148 152 156 160 164 168 172
node 8 size: 261747 MB
node 8 free: 235330 MB
node 250 cpus:
node 250 size: 16128 MB
node 250 free: 16125 MB
node 251 cpus:
node 251 size: 16128 MB
node 251 free: 16127 MB
node 252 cpus:
node 252 size: 16128 MB
node 252 free: 16128 MB
node 253 cpus:
node 253 size: 16128 MB
node 253 free: 16128 MB
node 254 cpus:
node 254 size: 16128 MB
node 254 free: 16128 MB
node 255 cpus:
node 255 size: 16128 MB
node 255 free: 16128 MB
node distances:
node   0   8  250  251  252  253  254  255 
  0:  10  40  80  80  80  80  80  80 
  8:  40  10  80  80  80  80  80  80 
 250:  80  80  10  80  80  80  80  80 
 251:  80  80  80  10  80  80  80  80 
 252:  80  80  80  80  10  80  80  80 
 253:  80  80  80  80  80  10  80  80 
 254:  80  80  80  80  80  80  10  80 
 255:  80  80  80  80  80  80  80  10 
available: 8 nodes (0,8,250-255)
node 0 cpus: 0 4 8 12 16 20 24 28 32 36 40 44 48 52 56 60 64 68 72 76 80 84
node 0 size: 260752 MB
node 0 free: 247628 MB
node 8 cpus: 88 92 96 100 104 108 112 116 120 124 128 132 136 140 144 148 152 156 160 164 168 172
node 8 size: 261747 MB
node 8 free: 235330 MB
node 250 cpus:
node 250 size: 16128 MB
node 250 free: 16125 MB
node 251 cpus:
node 251 size: 16128 MB
node 251 free: 16127 MB
node 252 cpus:
node 252 size: 16128 MB
node 252 free: 16128 MB
node 253 cpus:
node 253 size: 16128 MB
node 253 free: 16128 MB
node 254 cpus:
node 254 size: 16128 MB
node 254 free: 16128 MB
node 255 cpus:
node 255 size: 16128 MB
node 255 free: 16128 MB
node distances:
node   0   8  250  251  252  253  254  255 
  0:  10  40  80  80  80  80  80  80 
  8:  40  10  80  80  80  80  80  80 
 250:  80  80  10  80  80  80  80  80 
 251:  80  80  80  10  80  80  80  80 
 252:  80  80  80  80  10  80  80  80 
 253:  80  80  80  80  80  10  80  80 
 254:  80  80  80  80  80  80  10  80 
 255:  80  80  80  80  80  80  80  10 
available: 8 nodes (0,8,250-255)
node 0 cpus: 0 4 8 12 16 20 24 28 32 36 40 44 48 52 56 60 64 68 72 76 80 84
node 0 size: 260752 MB
node 0 free: 247628 MB
node 8 cpus: 88 92 96 100 104 108 112 116 120 124 128 132 136 140 144 148 152 156 160 164 168 172
node 8 size: 261747 MB
node 8 free: 235330 MB
node 250 cpus:
node 250 size: 16128 MB
node 250 free: 16125 MB
node 251 cpus:
node 251 size: 16128 MB
node 251 free: 16127 MB
node 252 cpus:
node 252 size: 16128 MB
node 252 free: 16128 MB
node 253 cpus:
node 253 size: 16128 MB
node 253 free: 16128 MB
node 254 cpus:
node 254 size: 16128 MB
node 254 free: 16128 MB
node 255 cpus:
node 255 size: 16128 MB
node 255 free: 16128 MB
node distances:
node   0   8  250  251  252  253  254  255 
  0:  10  40  80  80  80  80  80  80 
  8:  40  10  80  80  80  80  80  80 
 250:  80  80  10  80  80  80  80  80 
 251:  80  80  80  10  80  80  80  80 
 252:  80  80  80  80  10  80  80  80 
 253:  80  80  80  80  80  10  80  80 
 254:  80  80  80  80  80  80  10  80 
 255:  80  80  80  80  80  80  80  10 
available: 8 nodes (0,8,250-255)
node 0 cpus: 0 4 8 12 16 20 24 28 32 36 40 44 48 52 56 60 64 68 72 76 80 84
node 0 size: 260752 MB
node 0 free: 235661 MB
node 8 cpus: 88 92 96 100 104 108 112 116 120 124 128 132 136 140 144 148 152 156 160 164 168 172
node 8 size: 261747 MB
node 8 free: 258559 MB
node 250 cpus:
node 250 size: 16128 MB
node 250 free: 16125 MB
node 251 cpus:
node 251 size: 16128 MB
node 251 free: 16128 MB
node 252 cpus:
node 252 size: 16128 MB
node 252 free: 16128 MB
node 253 cpus:
node 253 size: 16128 MB
node 253 free: 16128 MB
node 254 cpus:
node 254 size: 16128 MB
node 254 free: 16128 MB
node 255 cpus:
node 255 size: 16128 MB
node 255 free: 16128 MB
node distances:
node   0   8  250  251  252  253  254  255 
  0:  10  40  80  80  80  80  80  80 
  8:  40  10  80  80  80  80  80  80 
 250:  80  80  10  80  80  80  80  80 
 251:  80  80  80  10  80  80  80  80 
 252:  80  80  80  80  10  80  80  80 
 253:  80  80  80  80  80  10  80  80 
 254:  80  80  80  80  80  80  10  80 
 255:  80  80  80  80  80  80  80  10 
available: 8 nodes (0,8,250-255)
node 0 cpus: 0 4 8 12 16 20 24 28 32 36 40 44 48 52 56 60 64 68 72 76 80 84
node 0 size: 260752 MB
node 0 free: 235661 MB
node 8 cpus: 88 92 96 100 104 108 112 116 120 124 128 132 136 140 144 148 152 156 160 164 168 172
node 8 size: 261747 MB
node 8 free: 258559 MB
node 250 cpus:
node 250 size: 16128 MB
node 250 free: 16125 MB
node 251 cpus:
node 251 size: 16128 MB
node 251 free: 16128 MB
node 252 cpus:
node 252 size: 16128 MB
node 252 free: 16128 MB
node 253 cpus:
node 253 size: 16128 MB
node 253 free: 16128 MB
node 254 cpus:
node 254 size: 16128 MB
node 254 free: 16128 MB
node 255 cpus:
node 255 size: 16128 MB
node 255 free: 16128 MB
node distances:
node   0   8  250  251  252  253  254  255 
  0:  10  40  80  80  80  80  80  80 
  8:  40  10  80  80  80  80  80  80 
 250:  80  80  10  80  80  80  80  80 
 251:  80  80  80  10  80  80  80  80 
 252:  80  80  80  80  10  80  80  80 
 253:  80  80  80  80  80  10  80  80 
 254:  80  80  80  80  80  80  10  80 
 255:  80  80  80  80  80  80  80  10 
available: 8 nodes (0,8,250-255)
node 0 cpus: 0 4 8 12 16 20 24 28 32 36 40 44 48 52 56 60 64 68 72 76 80 84
node 0 size: 260752 MB
node 0 free: 235661 MB
node 8 cpus: 88 92 96 100 104 108 112 116 120 124 128 132 136 140 144 148 152 156 160 164 168 172
node 8 size: 261747 MB
node 8 free: 258559 MB
node 250 cpus:
node 250 size: 16128 MB
node 250 free: 16125 MB
node 251 cpus:
node 251 size: 16128 MB
node 251 free: 16128 MB
node 252 cpus:
node 252 size: 16128 MB
node 252 free: 16128 MB
node 253 cpus:
node 253 size: 16128 MB
node 253 free: 16128 MB
node 254 cpus:
node 254 size: 16128 MB
node 254 free: 16128 MB
node 255 cpus:
node 255 size: 16128 MB
node 255 free: 16128 MB
node distances:
node   0   8  250  251  252  253  254  255 
  0:  10  40  80  80  80  80  80  80 
  8:  40  10  80  80  80  80  80  80 
 250:  80  80  10  80  80  80  80  80 
 251:  80  80  80  10  80  80  80  80 
 252:  80  80  80  80  10  80  80  80 
 253:  80  80  80  80  80  10  80  80 
 254:  80  80  80  80  80  80  10  80 
 255:  80  80  80  80  80  80  80  10 
available: 8 nodes (0,8,250-255)
node 0 cpus: 0 4 8 12 16 20 24 28 32 36 40 44 48 52 56 60 64 68 72 76 80 84
node 0 size: 260752 MB
node 0 free: 232973 MB
node 8 cpus: 88 92 96 100 104 108 112 116 120 124 128 132 136 140 144 148 152 156 160 164 168 172
node 8 size: 261747 MB
node 8 free: 256241 MB
node 250 cpus:
node 250 size: 16128 MB
node 250 free: 16126 MB
node 251 cpus:
node 251 size: 16128 MB
node 251 free: 16128 MB
node 252 cpus:
node 252 size: 16128 MB
node 252 free: 16128 MB
node 253 cpus:
node 253 size: 16128 MB
node 253 free: 16128 MB
node 254 cpus:
node 254 size: 16128 MB
node 254 free: 16128 MB
node 255 cpus:
node 255 size: 16128 MB
node 255 free: 16128 MB
node distances:
node   0   8  250  251  252  253  254  255 
  0:  10  40  80  80  80  80  80  80 
  8:  40  10  80  80  80  80  80  80 
 250:  80  80  10  80  80  80  80  80 
 251:  80  80  80  10  80  80  80  80 
 252:  80  80  80  80  10  80  80  80 
 253:  80  80  80  80  80  10  80  80 
 254:  80  80  80  80  80  80  10  80 
 255:  80  80  80  80  80  80  80  10 
available: 8 nodes (0,8,250-255)
node 0 cpus: 0 4 8 12 16 20 24 28 32 36 40 44 48 52 56 60 64 68 72 76 80 84
node 0 size: 260752 MB
node 0 free: 235661 MB
node 8 cpus: 88 92 96 100 104 108 112 116 120 124 128 132 136 140 144 148 152 156 160 164 168 172
node 8 size: 261747 MB
node 8 free: 258559 MB
node 250 cpus:
node 250 size: 16128 MB
node 250 free: 16125 MB
node 251 cpus:
node 251 size: 16128 MB
node 251 free: 16128 MB
node 252 cpus:
node 252 size: 16128 MB
node 252 free: 16128 MB
node 253 cpus:
node 253 size: 16128 MB
node 253 free: 16128 MB
node 254 cpus:
node 254 size: 16128 MB
node 254 free: 16128 MB
node 255 cpus:
node 255 size: 16128 MB
node 255 free: 16128 MB
node distances:
node   0   8  250  251  252  253  254  255 
  0:  10  40  80  80  80  80  80  80 
  8:  40  10  80  80  80  80  80  80 
 250:  80  80  10  80  80  80  80  80 
 251:  80  80  80  10  80  80  80  80 
 252:  80  80  80  80  10  80  80  80 
 253:  80  80  80  80  80  10  80  80 
 254:  80  80  80  80  80  80  10  80 
 255:  80  80  80  80  80  80  80  10 
available: 8 nodes (0,8,250-255)
node 0 cpus: 0 4 8 12 16 20 24 28 32 36 40 44 48 52 56 60 64 68 72 76 80 84
node 0 size: 260752 MB
node 0 free: 232973 MB
node 8 cpus: 88 92 96 100 104 108 112 116 120 124 128 132 136 140 144 148 152 156 160 164 168 172
node 8 size: 261747 MB
node 8 free: 256241 MB
node 250 cpus:
node 250 size: 16128 MB
node 250 free: 16126 MB
node 251 cpus:
node 251 size: 16128 MB
node 251 free: 16128 MB
node 252 cpus:
node 252 size: 16128 MB
node 252 free: 16128 MB
node 253 cpus:
node 253 size: 16128 MB
node 253 free: 16128 MB
node 254 cpus:
node 254 size: 16128 MB
node 254 free: 16128 MB
node 255 cpus:
node 255 size: 16128 MB
node 255 free: 16128 MB
node distances:
node   0   8  250  251  252  253  254  255 
  0:  10  40  80  80  80  80  80  80 
  8:  40  10  80  80  80  80  80  80 
 250:  80  80  10  80  80  80  80  80 
 251:  80  80  80  10  80  80  80  80 
 252:  80  80  80  80  10  80  80  80 
 253:  80  80  80  80  80  10  80  80 
 254:  80  80  80  80  80  80  10  80 
 255:  80  80  80  80  80  80  80  10 
available: 8 nodes (0,8,250-255)
node 0 cpus: 0 4 8 12 16 20 24 28 32 36 40 44 48 52 56 60 64 68 72 76 80 84
node 0 size: 260752 MB
node 0 free: 232973 MB
node 8 cpus: 88 92 96 100 104 108 112 116 120 124 128 132 136 140 144 148 152 156 160 164 168 172
node 8 size: 261747 MB
node 8 free: 256241 MB
node 250 cpus:
node 250 size: 16128 MB
node 250 free: 16126 MB
node 251 cpus:
node 251 size: 16128 MB
node 251 free: 16128 MB
node 252 cpus:
node 252 size: 16128 MB
node 252 free: 16128 MB
node 253 cpus:
node 253 size: 16128 MB
node 253 free: 16128 MB
node 254 cpus:
node 254 size: 16128 MB
node 254 free: 16128 MB
node 255 cpus:
node 255 size: 16128 MB
node 255 free: 16128 MB
node distances:
node   0   8  250  251  252  253  254  255 
  0:  10  40  80  80  80  80  80  80 
  8:  40  10  80  80  80  80  80  80 
 250:  80  80  10  80  80  80  80  80 
 251:  80  80  80  10  80  80  80  80 
 252:  80  80  80  80  10  80  80  80 
 253:  80  80  80  80  80  10  80  80 
 254:  80  80  80  80  80  80  10  80 
 255:  80  80  80  80  80  80  80  10 
available: 8 nodes (0,8,250-255)
node 0 cpus: 0 4 8 12 16 20 24 28 32 36 40 44 48 52 56 60 64 68 72 76 80 84
node 0 size: 260752 MB
node 0 free: 232973 MB
node 8 cpus: 88 92 96 100 104 108 112 116 120 124 128 132 136 140 144 148 152 156 160 164 168 172
node 8 size: 261747 MB
node 8 free: 256241 MB
node 250 cpus:
node 250 size: 16128 MB
node 250 free: 16126 MB
node 251 cpus:
node 251 size: 16128 MB
node 251 free: 16128 MB
node 252 cpus:
node 252 size: 16128 MB
node 252 free: 16128 MB
node 253 cpus:
node 253 size: 16128 MB
node 253 free: 16128 MB
node 254 cpus:
node 254 size: 16128 MB
node 254 free: 16128 MB
node 255 cpus:
node 255 size: 16128 MB
node 255 free: 16128 MB
node distances:
node   0   8  250  251  252  253  254  255 
  0:  10  40  80  80  80  80  80  80 
  8:  40  10  80  80  80  80  80  80 
 250:  80  80  10  80  80  80  80  80 
 251:  80  80  80  10  80  80  80  80 
 252:  80  80  80  80  10  80  80  80 
 253:  80  80  80  80  80  10  80  80 
 254:  80  80  80  80  80  80  10  80 
 255:  80  80  80  80  80  80  80  10 
available: 8 nodes (0,8,250-255)
node 0 cpus: 0 4 8 12 16 20 24 28 32 36 40 44 48 52 56 60 64 68 72 76 80 84
node 0 size: 260752 MB
node 0 free: 233136 MB
node 8 cpus: 88 92 96 100 104 108 112 116 120 124 128 132 136 140 144 148 152 156 160 164 168 172
node 8 size: 261747 MB
node 8 free: 254693 MB
node 250 cpus:
node 250 size: 16128 MB
node 250 free: 16125 MB
node 251 cpus:
node 251 size: 16128 MB
node 251 free: 16128 MB
node 252 cpus:
node 252 size: 16128 MB
node 252 free: 16128 MB
node 253 cpus:
node 253 size: 16128 MB
node 253 free: 16128 MB
node 254 cpus:
node 254 size: 16128 MB
node 254 free: 16128 MB
node 255 cpus:
node 255 size: 16128 MB
node 255 free: 16128 MB
node distances:
node   0   8  250  251  252  253  254  255 
  0:  10  40  80  80  80  80  80  80 
  8:  40  10  80  80  80  80  80  80 
 250:  80  80  10  80  80  80  80  80 
 251:  80  80  80  10  80  80  80  80 
 252:  80  80  80  80  10  80  80  80 
 253:  80  80  80  80  80  10  80  80 
 254:  80  80  80  80  80  80  10  80 
 255:  80  80  80  80  80  80  80  10 
available: 8 nodes (0,8,250-255)
node 0 cpus: 0 4 8 12 16 20 24 28 32 36 40 44 48 52 56 60 64 68 72 76 80 84
node 0 size: 260752 MB
node 0 free: 233136 MB
node 8 cpus: 88 92 96 100 104 108 112 116 120 124 128 132 136 140 144 148 152 156 160 164 168 172
node 8 size: 261747 MB
node 8 free: 254693 MB
node 250 cpus:
node 250 size: 16128 MB
node 250 free: 16125 MB
node 251 cpus:
node 251 size: 16128 MB
node 251 free: 16128 MB
node 252 cpus:
node 252 size: 16128 MB
node 252 free: 16128 MB
node 253 cpus:
node 253 size: 16128 MB
node 253 free: 16128 MB
node 254 cpus:
node 254 size: 16128 MB
node 254 free: 16128 MB
node 255 cpus:
node 255 size: 16128 MB
node 255 free: 16128 MB
node distances:
node   0   8  250  251  252  253  254  255 
  0:  10  40  80  80  80  80  80  80 
  8:  40  10  80  80  80  80  80  80 
 250:  80  80  10  80  80  80  80  80 
 251:  80  80  80  10  80  80  80  80 
 252:  80  80  80  80  10  80  80  80 
 253:  80  80  80  80  80  10  80  80 
 254:  80  80  80  80  80  80  10  80 
 255:  80  80  80  80  80  80  80  10 
available: 8 nodes (0,8,250-255)
node 0 cpus: 0 4 8 12 16 20 24 28 32 36 40 44 48 52 56 60 64 68 72 76 80 84
node 0 size: 260752 MB
node 0 free: 233136 MB
node 8 cpus: 88 92 96 100 104 108 112 116 120 124 128 132 136 140 144 148 152 156 160 164 168 172
node 8 size: 261747 MB
node 8 free: 254693 MB
node 250 cpus:
node 250 size: 16128 MB
node 250 free: 16125 MB
node 251 cpus:
node 251 size: 16128 MB
node 251 free: 16128 MB
node 252 cpus:
node 252 size: 16128 MB
node 252 free: 16128 MB
node 253 cpus:
node 253 size: 16128 MB
node 253 free: 16128 MB
node 254 cpus:
node 254 size: 16128 MB
node 254 free: 16128 MB
node 255 cpus:
node 255 size: 16128 MB
node 255 free: 16128 MB
node distances:
node   0   8  250  251  252  253  254  255 
  0:  10  40  80  80  80  80  80  80 
  8:  40  10  80  80  80  80  80  80 
 250:  80  80  10  80  80  80  80  80 
 251:  80  80  80  10  80  80  80  80 
 252:  80  80  80  80  10  80  80  80 
 253:  80  80  80  80  80  10  80  80 
 254:  80  80  80  80  80  80  10  80 
 255:  80  80  80  80  80  80  80  10 
available: 8 nodes (0,8,250-255)
node 0 cpus: 0 4 8 12 16 20 24 28 32 36 40 44 48 52 56 60 64 68 72 76 80 84
node 0 size: 260752 MB
node 0 free: 233136 MB
node 8 cpus: 88 92 96 100 104 108 112 116 120 124 128 132 136 140 144 148 152 156 160 164 168 172
node 8 size: 261747 MB
node 8 free: 254693 MB
node 250 cpus:
node 250 size: 16128 MB
node 250 free: 16125 MB
node 251 cpus:
node 251 size: 16128 MB
node 251 free: 16128 MB
node 252 cpus:
node 252 size: 16128 MB
node 252 free: 16128 MB
node 253 cpus:
node 253 size: 16128 MB
node 253 free: 16128 MB
node 254 cpus:
node 254 size: 16128 MB
node 254 free: 16128 MB
node 255 cpus:
node 255 size: 16128 MB
node 255 free: 16128 MB
node distances:
node   0   8  250  251  252  253  254  255 
  0:  10  40  80  80  80  80  80  80 
  8:  40  10  80  80  80  80  80  80 
 250:  80  80  10  80  80  80  80  80 
 251:  80  80  80  10  80  80  80  80 
 252:  80  80  80  80  10  80  80  80 
 253:  80  80  80  80  80  10  80  80 
 254:  80  80  80  80  80  80  10  80 
 255:  80  80  80  80  80  80  80  10 
available: 8 nodes (0,8,250-255)
node 0 cpus: 0 4 8 12 16 20 24 28 32 36 40 44 48 52 56 60 64 68 72 76 80 84
node 0 size: 260752 MB
node 0 free: 231325 MB
node 8 cpus: 88 92 96 100 104 108 112 116 120 124 128 132 136 140 144 148 152 156 160 164 168 172
node 8 size: 261747 MB
node 8 free: 253464 MB
node 250 cpus:
node 250 size: 16128 MB
node 250 free: 16125 MB
node 251 cpus:
node 251 size: 16128 MB
node 251 free: 16128 MB
node 252 cpus:
node 252 size: 16128 MB
node 252 free: 16128 MB
node 253 cpus:
node 253 size: 16128 MB
node 253 free: 16128 MB
node 254 cpus:
node 254 size: 16128 MB
node 254 free: 16128 MB
node 255 cpus:
node 255 size: 16128 MB
node 255 free: 16128 MB
node distances:
node   0   8  250  251  252  253  254  255 
  0:  10  40  80  80  80  80  80  80 
  8:  40  10  80  80  80  80  80  80 
 250:  80  80  10  80  80  80  80  80 
 251:  80  80  80  10  80  80  80  80 
 252:  80  80  80  80  10  80  80  80 
 253:  80  80  80  80  80  10  80  80 
 254:  80  80  80  80  80  80  10  80 
 255:  80  80  80  80  80  80  80  10 
available: 8 nodes (0,8,250-255)
node 0 cpus: 0 4 8 12 16 20 24 28 32 36 40 44 48 52 56 60 64 68 72 76 80 84
node 0 size: 260752 MB
node 0 free: 231325 MB
node 8 cpus: 88 92 96 100 104 108 112 116 120 124 128 132 136 140 144 148 152 156 160 164 168 172
node 8 size: 261747 MB
node 8 free: 253464 MB
node 250 cpus:
node 250 size: 16128 MB
node 250 free: 16125 MB
node 251 cpus:
node 251 size: 16128 MB
node 251 free: 16128 MB
node 252 cpus:
node 252 size: 16128 MB
node 252 free: 16128 MB
node 253 cpus:
node 253 size: 16128 MB
node 253 free: 16128 MB
node 254 cpus:
node 254 size: 16128 MB
node 254 free: 16128 MB
node 255 cpus:
node 255 size: 16128 MB
node 255 free: 16128 MB
node distances:
node   0   8  250  251  252  253  254  255 
  0:  10  40  80  80  80  80  80  80 
  8:  40  10  80  80  80  80  80  80 
 250:  80  80  10  80  80  80  80  80 
 251:  80  80  80  10  80  80  80  80 
 252:  80  80  80  80  10  80  80  80 
 253:  80  80  80  80  80  10  80  80 
 254:  80  80  80  80  80  80  10  80 
 255:  80  80  80  80  80  80  80  10 
available: 8 nodes (0,8,250-255)
node 0 cpus: 0 4 8 12 16 20 24 28 32 36 40 44 48 52 56 60 64 68 72 76 80 84
node 0 size: 260752 MB
node 0 free: 235665 MB
node 8 cpus: 88 92 96 100 104 108 112 116 120 124 128 132 136 140 144 148 152 156 160 164 168 172
node 8 size: 261747 MB
node 8 free: 252982 MB
node 250 cpus:
node 250 size: 16128 MB
node 250 free: 16125 MB
node 251 cpus:
node 251 size: 16128 MB
node 251 free: 16128 MB
node 252 cpus:
node 252 size: 16128 MB
node 252 free: 16128 MB
node 253 cpus:
node 253 size: 16128 MB
node 253 free: 16128 MB
node 254 cpus:
node 254 size: 16128 MB
node 254 free: 16128 MB
node 255 cpus:
node 255 size: 16128 MB
node 255 free: 16128 MB
node distances:
node   0   8  250  251  252  253  254  255 
  0:  10  40  80  80  80  80  80  80 
  8:  40  10  80  80  80  80  80  80 
 250:  80  80  10  80  80  80  80  80 
 251:  80  80  80  10  80  80  80  80 
 252:  80  80  80  80  10  80  80  80 
 253:  80  80  80  80  80  10  80  80 
 254:  80  80  80  80  80  80  10  80 
 255:  80  80  80  80  80  80  80  10 
available: 8 nodes (0,8,250-255)
node 0 cpus: 0 4 8 12 16 20 24 28 32 36 40 44 48 52 56 60 64 68 72 76 80 84
node 0 size: 260752 MB
node 0 free: 231325 MB
node 8 cpus: 88 92 96 100 104 108 112 116 120 124 128 132 136 140 144 148 152 156 160 164 168 172
node 8 size: 261747 MB
node 8 free: 253464 MB
node 250 cpus:
node 250 size: 16128 MB
node 250 free: 16125 MB
node 251 cpus:
node 251 size: 16128 MB
node 251 free: 16128 MB
node 252 cpus:
node 252 size: 16128 MB
node 252 free: 16128 MB
node 253 cpus:
node 253 size: 16128 MB
node 253 free: 16128 MB
node 254 cpus:
node 254 size: 16128 MB
node 254 free: 16128 MB
node 255 cpus:
node 255 size: 16128 MB
node 255 free: 16128 MB
node distances:
node   0   8  250  251  252  253  254  255 
  0:  10  40  80  80  80  80  80  80 
  8:  40  10  80  80  80  80  80  80 
 250:  80  80  10  80  80  80  80  80 
 251:  80  80  80  10  80  80  80  80 
 252:  80  80  80  80  10  80  80  80 
 253:  80  80  80  80  80  10  80  80 
 254:  80  80  80  80  80  80  10  80 
 255:  80  80  80  80  80  80  80  10 
available: 8 nodes (0,8,250-255)
node 0 cpus: 0 4 8 12 16 20 24 28 32 36 40 44 48 52 56 60 64 68 72 76 80 84
node 0 size: 260752 MB
node 0 free: 235665 MB
node 8 cpus: 88 92 96 100 104 108 112 116 120 124 128 132 136 140 144 148 152 156 160 164 168 172
node 8 size: 261747 MB
node 8 free: 252982 MB
node 250 cpus:
node 250 size: 16128 MB
node 250 free: 16125 MB
node 251 cpus:
node 251 size: 16128 MB
node 251 free: 16128 MB
node 252 cpus:
node 252 size: 16128 MB
node 252 free: 16128 MB
node 253 cpus:
node 253 size: 16128 MB
node 253 free: 16128 MB
node 254 cpus:
node 254 size: 16128 MB
node 254 free: 16128 MB
node 255 cpus:
node 255 size: 16128 MB
node 255 free: 16128 MB
node distances:
node   0   8  250  251  252  253  254  255 
  0:  10  40  80  80  80  80  80  80 
  8:  40  10  80  80  80  80  80  80 
 250:  80  80  10  80  80  80  80  80 
 251:  80  80  80  10  80  80  80  80 
 252:  80  80  80  80  10  80  80  80 
 253:  80  80  80  80  80  10  80  80 
 254:  80  80  80  80  80  80  10  80 
 255:  80  80  80  80  80  80  80  10 
available: 8 nodes (0,8,250-255)
node 0 cpus: 0 4 8 12 16 20 24 28 32 36 40 44 48 52 56 60 64 68 72 76 80 84
node 0 size: 260752 MB
node 0 free: 231325 MB
node 8 cpus: 88 92 96 100 104 108 112 116 120 124 128 132 136 140 144 148 152 156 160 164 168 172
node 8 size: 261747 MB
node 8 free: 253464 MB
node 250 cpus:
node 250 size: 16128 MB
node 250 free: 16125 MB
node 251 cpus:
node 251 size: 16128 MB
node 251 free: 16128 MB
node 252 cpus:
node 252 size: 16128 MB
node 252 free: 16128 MB
node 253 cpus:
node 253 size: 16128 MB
node 253 free: 16128 MB
node 254 cpus:
node 254 size: 16128 MB
node 254 free: 16128 MB
node 255 cpus:
node 255 size: 16128 MB
node 255 free: 16128 MB
node distances:
node   0   8  250  251  252  253  254  255 
  0:  10  40  80  80  80  80  80  80 
  8:  40  10  80  80  80  80  80  80 
 250:  80  80  10  80  80  80  80  80 
 251:  80  80  80  10  80  80  80  80 
 252:  80  80  80  80  10  80  80  80 
 253:  80  80  80  80  80  10  80  80 
 254:  80  80  80  80  80  80  10  80 
 255:  80  80  80  80  80  80  80  10 
available: 8 nodes (0,8,250-255)
node 0 cpus: 0 4 8 12 16 20 24 28 32 36 40 44 48 52 56 60 64 68 72 76 80 84
node 0 size: 260752 MB
node 0 free: 235665 MB
node 8 cpus: 88 92 96 100 104 108 112 116 120 124 128 132 136 140 144 148 152 156 160 164 168 172
node 8 size: 261747 MB
node 8 free: 252982 MB
node 250 cpus:
node 250 size: 16128 MB
node 250 free: 16125 MB
node 251 cpus:
node 251 size: 16128 MB
node 251 free: 16128 MB
node 252 cpus:
node 252 size: 16128 MB
node 252 free: 16128 MB
node 253 cpus:
node 253 size: 16128 MB
node 253 free: 16128 MB
node 254 cpus:
node 254 size: 16128 MB
node 254 free: 16128 MB
node 255 cpus:
node 255 size: 16128 MB
node 255 free: 16128 MB
node distances:
node   0   8  250  251  252  253  254  255 
  0:  10  40  80  80  80  80  80  80 
  8:  40  10  80  80  80  80  80  80 
 250:  80  80  10  80  80  80  80  80 
 251:  80  80  80  10  80  80  80  80 
 252:  80  80  80  80  10  80  80  80 
 253:  80  80  80  80  80  10  80  80 
 254:  80  80  80  80  80  80  10  80 
 255:  80  80  80  80  80  80  80  10 
available: 8 nodes (0,8,250-255)
node 0 cpus: 0 4 8 12 16 20 24 28 32 36 40 44 48 52 56 60 64 68 72 76 80 84
node 0 size: 260752 MB
node 0 free: 235665 MB
node 8 cpus: 88 92 96 100 104 108 112 116 120 124 128 132 136 140 144 148 152 156 160 164 168 172
node 8 size: 261747 MB
node 8 free: 252982 MB
node 250 cpus:
node 250 size: 16128 MB
node 250 free: 16125 MB
node 251 cpus:
node 251 size: 16128 MB
node 251 free: 16128 MB
node 252 cpus:
node 252 size: 16128 MB
node 252 free: 16128 MB
node 253 cpus:
node 253 size: 16128 MB
node 253 free: 16128 MB
node 254 cpus:
node 254 size: 16128 MB
node 254 free: 16128 MB
node 255 cpus:
node 255 size: 16128 MB
node 255 free: 16128 MB
node distances:
node   0   8  250  251  252  253  254  255 
  0:  10  40  80  80  80  80  80  80 
  8:  40  10  80  80  80  80  80  80 
 250:  80  80  10  80  80  80  80  80 
 251:  80  80  80  10  80  80  80  80 
 252:  80  80  80  80  10  80  80  80 
 253:  80  80  80  80  80  10  80  80 
 254:  80  80  80  80  80  80  10  80 
 255:  80  80  80  80  80  80  80  10 
available: 8 nodes (0,8,250-255)
node 0 cpus: 0 4 8 12 16 20 24 28 32 36 40 44 48 52 56 60 64 68 72 76 80 84
node 0 size: 260752 MB
node 0 free: 232698 MB
node 8 cpus: 88 92 96 100 104 108 112 116 120 124 128 132 136 140 144 148 152 156 160 164 168 172
node 8 size: 261747 MB
node 8 free: 256471 MB
node 250 cpus:
node 250 size: 16128 MB
node 250 free: 16125 MB
node 251 cpus:
node 251 size: 16128 MB
node 251 free: 16128 MB
node 252 cpus:
node 252 size: 16128 MB
node 252 free: 16128 MB
node 253 cpus:
node 253 size: 16128 MB
node 253 free: 16128 MB
node 254 cpus:
node 254 size: 16128 MB
node 254 free: 16128 MB
node 255 cpus:
node 255 size: 16128 MB
node 255 free: 16128 MB
node distances:
node   0   8  250  251  252  253  254  255 
  0:  10  40  80  80  80  80  80  80 
  8:  40  10  80  80  80  80  80  80 
 250:  80  80  10  80  80  80  80  80 
 251:  80  80  80  10  80  80  80  80 
 252:  80  80  80  80  10  80  80  80 
 253:  80  80  80  80  80  10  80  80 
 254:  80  80  80  80  80  80  10  80 
 255:  80  80  80  80  80  80  80  10 
available: 8 nodes (0,8,250-255)
node 0 cpus: 0 4 8 12 16 20 24 28 32 36 40 44 48 52 56 60 64 68 72 76 80 84
node 0 size: 260752 MB
node 0 free: 232688 MB
node 8 cpus: 88 92 96 100 104 108 112 116 120 124 128 132 136 140 144 148 152 156 160 164 168 172
node 8 size: 261747 MB
node 8 free: 255620 MB
node 250 cpus:
node 250 size: 16128 MB
node 250 free: 16125 MB
node 251 cpus:
node 251 size: 16128 MB
node 251 free: 16128 MB
node 252 cpus:
node 252 size: 16128 MB
node 252 free: 16128 MB
node 253 cpus:
node 253 size: 16128 MB
node 253 free: 16128 MB
node 254 cpus:
node 254 size: 16128 MB
node 254 free: 16128 MB
node 255 cpus:
node 255 size: 16128 MB
node 255 free: 16128 MB
node distances:
node   0   8  250  251  252  253  254  255 
  0:  10  40  80  80  80  80  80  80 
  8:  40  10  80  80  80  80  80  80 
 250:  80  80  10  80  80  80  80  80 
 251:  80  80  80  10  80  80  80  80 
 252:  80  80  80  80  10  80  80  80 
 253:  80  80  80  80  80  10  80  80 
 254:  80  80  80  80  80  80  10  80 
 255:  80  80  80  80  80  80  80  10 
available: 8 nodes (0,8,250-255)
node 0 cpus: 0 4 8 12 16 20 24 28 32 36 40 44 48 52 56 60 64 68 72 76 80 84
node 0 size: 260752 MB
node 0 free: 232698 MB
node 8 cpus: 88 92 96 100 104 108 112 116 120 124 128 132 136 140 144 148 152 156 160 164 168 172
node 8 size: 261747 MB
node 8 free: 256471 MB
node 250 cpus:
node 250 size: 16128 MB
node 250 free: 16125 MB
node 251 cpus:
node 251 size: 16128 MB
node 251 free: 16128 MB
node 252 cpus:
node 252 size: 16128 MB
node 252 free: 16128 MB
node 253 cpus:
node 253 size: 16128 MB
node 253 free: 16128 MB
node 254 cpus:
node 254 size: 16128 MB
node 254 free: 16128 MB
node 255 cpus:
node 255 size: 16128 MB
node 255 free: 16128 MB
node distances:
node   0   8  250  251  252  253  254  255 
  0:  10  40  80  80  80  80  80  80 
  8:  40  10  80  80  80  80  80  80 
 250:  80  80  10  80  80  80  80  80 
 251:  80  80  80  10  80  80  80  80 
 252:  80  80  80  80  10  80  80  80 
 253:  80  80  80  80  80  10  80  80 
 254:  80  80  80  80  80  80  10  80 
 255:  80  80  80  80  80  80  80  10 
available: 8 nodes (0,8,250-255)
node 0 cpus: 0 4 8 12 16 20 24 28 32 36 40 44 48 52 56 60 64 68 72 76 80 84
node 0 size: 260752 MB
node 0 free: 232688 MB
node 8 cpus: 88 92 96 100 104 108 112 116 120 124 128 132 136 140 144 148 152 156 160 164 168 172
node 8 size: 261747 MB
node 8 free: 255620 MB
node 250 cpus:
node 250 size: 16128 MB
node 250 free: 16125 MB
node 251 cpus:
node 251 size: 16128 MB
node 251 free: 16128 MB
node 252 cpus:
node 252 size: 16128 MB
node 252 free: 16128 MB
node 253 cpus:
node 253 size: 16128 MB
node 253 free: 16128 MB
node 254 cpus:
node 254 size: 16128 MB
node 254 free: 16128 MB
node 255 cpus:
node 255 size: 16128 MB
node 255 free: 16128 MB
node distances:
node   0   8  250  251  252  253  254  255 
  0:  10  40  80  80  80  80  80  80 
  8:  40  10  80  80  80  80  80  80 
 250:  80  80  10  80  80  80  80  80 
 251:  80  80  80  10  80  80  80  80 
 252:  80  80  80  80  10  80  80  80 
 253:  80  80  80  80  80  10  80  80 
 254:  80  80  80  80  80  80  10  80 
 255:  80  80  80  80  80  80  80  10 
available: 8 nodes (0,8,250-255)
node 0 cpus: 0 4 8 12 16 20 24 28 32 36 40 44 48 52 56 60 64 68 72 76 80 84
node 0 size: 260752 MB
node 0 free: 234688 MB
node 8 cpus: 88 92 96 100 104 108 112 116 120 124 128 132 136 140 144 148 152 156 160 164 168 172
node 8 size: 261747 MB
node 8 free: 254520 MB
node 250 cpus:
node 250 size: 16128 MB
node 250 free: 16125 MB
node 251 cpus:
node 251 size: 16128 MB
node 251 free: 16128 MB
node 252 cpus:
node 252 size: 16128 MB
node 252 free: 16128 MB
node 253 cpus:
node 253 size: 16128 MB
node 253 free: 16128 MB
node 254 cpus:
node 254 size: 16128 MB
node 254 free: 16128 MB
node 255 cpus:
node 255 size: 16128 MB
node 255 free: 16128 MB
node distances:
node   0   8  250  251  252  253  254  255 
  0:  10  40  80  80  80  80  80  80 
  8:  40  10  80  80  80  80  80  80 
 250:  80  80  10  80  80  80  80  80 
 251:  80  80  80  10  80  80  80  80 
 252:  80  80  80  80  10  80  80  80 
 253:  80  80  80  80  80  10  80  80 
 254:  80  80  80  80  80  80  10  80 
 255:  80  80  80  80  80  80  80  10 
available: 8 nodes (0,8,250-255)
node 0 cpus: 0 4 8 12 16 20 24 28 32 36 40 44 48 52 56 60 64 68 72 76 80 84
node 0 size: 260752 MB
node 0 free: 232698 MB
node 8 cpus: 88 92 96 100 104 108 112 116 120 124 128 132 136 140 144 148 152 156 160 164 168 172
node 8 size: 261747 MB
node 8 free: 256471 MB
node 250 cpus:
node 250 size: 16128 MB
node 250 free: 16125 MB
node 251 cpus:
node 251 size: 16128 MB
node 251 free: 16128 MB
node 252 cpus:
node 252 size: 16128 MB
node 252 free: 16128 MB
node 253 cpus:
node 253 size: 16128 MB
node 253 free: 16128 MB
node 254 cpus:
node 254 size: 16128 MB
node 254 free: 16128 MB
node 255 cpus:
node 255 size: 16128 MB
node 255 free: 16128 MB
node distances:
node   0   8  250  251  252  253  254  255 
  0:  10  40  80  80  80  80  80  80 
  8:  40  10  80  80  80  80  80  80 
 250:  80  80  10  80  80  80  80  80 
 251:  80  80  80  10  80  80  80  80 
 252:  80  80  80  80  10  80  80  80 
 253:  80  80  80  80  80  10  80  80 
 254:  80  80  80  80  80  80  10  80 
 255:  80  80  80  80  80  80  80  10 
available: 8 nodes (0,8,250-255)
node 0 cpus: 0 4 8 12 16 20 24 28 32 36 40 44 48 52 56 60 64 68 72 76 80 84
node 0 size: 260752 MB
node 0 free: 232698 MB
node 8 cpus: 88 92 96 100 104 108 112 116 120 124 128 132 136 140 144 148 152 156 160 164 168 172
node 8 size: 261747 MB
node 8 free: 256471 MB
node 250 cpus:
node 250 size: 16128 MB
node 250 free: 16125 MB
node 251 cpus:
node 251 size: 16128 MB
node 251 free: 16128 MB
node 252 cpus:
node 252 size: 16128 MB
node 252 free: 16128 MB
node 253 cpus:
node 253 size: 16128 MB
node 253 free: 16128 MB
node 254 cpus:
node 254 size: 16128 MB
node 254 free: 16128 MB
node 255 cpus:
node 255 size: 16128 MB
node 255 free: 16128 MB
node distances:
node   0   8  250  251  252  253  254  255 
  0:  10  40  80  80  80  80  80  80 
  8:  40  10  80  80  80  80  80  80 
 250:  80  80  10  80  80  80  80  80 
 251:  80  80  80  10  80  80  80  80 
 252:  80  80  80  80  10  80  80  80 
 253:  80  80  80  80  80  10  80  80 
 254:  80  80  80  80  80  80  10  80 
 255:  80  80  80  80  80  80  80  10 
available: 8 nodes (0,8,250-255)
node 0 cpus: 0 4 8 12 16 20 24 28 32 36 40 44 48 52 56 60 64 68 72 76 80 84
node 0 size: 260752 MB
node 0 free: 236625 MB
node 8 cpus: 88 92 96 100 104 108 112 116 120 124 128 132 136 140 144 148 152 156 160 164 168 172
node 8 size: 261747 MB
node 8 free: 252974 MB
node 250 cpus:
node 250 size: 16128 MB
node 250 free: 16125 MB
node 251 cpus:
node 251 size: 16128 MB
node 251 free: 16128 MB
node 252 cpus:
node 252 size: 16128 MB
node 252 free: 16128 MB
node 253 cpus:
node 253 size: 16128 MB
node 253 free: 16128 MB
node 254 cpus:
node 254 size: 16128 MB
node 254 free: 16128 MB
node 255 cpus:
node 255 size: 16128 MB
node 255 free: 16128 MB
node distances:
node   0   8  250  251  252  253  254  255 
  0:  10  40  80  80  80  80  80  80 
  8:  40  10  80  80  80  80  80  80 
 250:  80  80  10  80  80  80  80  80 
 251:  80  80  80  10  80  80  80  80 
 252:  80  80  80  80  10  80  80  80 
 253:  80  80  80  80  80  10  80  80 
 254:  80  80  80  80  80  80  10  80 
 255:  80  80  80  80  80  80  80  10 
available: 8 nodes (0,8,250-255)
node 0 cpus: 0 4 8 12 16 20 24 28 32 36 40 44 48 52 56 60 64 68 72 76 80 84
node 0 size: 260752 MB
node 0 free: 234688 MB
node 8 cpus: 88 92 96 100 104 108 112 116 120 124 128 132 136 140 144 148 152 156 160 164 168 172
node 8 size: 261747 MB
node 8 free: 254520 MB
node 250 cpus:
node 250 size: 16128 MB
node 250 free: 16125 MB
node 251 cpus:
node 251 size: 16128 MB
node 251 free: 16128 MB
node 252 cpus:
node 252 size: 16128 MB
node 252 free: 16128 MB
node 253 cpus:
node 253 size: 16128 MB
node 253 free: 16128 MB
node 254 cpus:
node 254 size: 16128 MB
node 254 free: 16128 MB
node 255 cpus:
node 255 size: 16128 MB
node 255 free: 16128 MB
node distances:
node   0   8  250  251  252  253  254  255 
  0:  10  40  80  80  80  80  80  80 
  8:  40  10  80  80  80  80  80  80 
 250:  80  80  10  80  80  80  80  80 
 251:  80  80  80  10  80  80  80  80 
 252:  80  80  80  80  10  80  80  80 
 253:  80  80  80  80  80  10  80  80 
 254:  80  80  80  80  80  80  10  80 
 255:  80  80  80  80  80  80  80  10 
available: 8 nodes (0,8,250-255)
node 0 cpus: 0 4 8 12 16 20 24 28 32 36 40 44 48 52 56 60 64 68 72 76 80 84
node 0 size: 260752 MB
node 0 free: 232688 MB
node 8 cpus: 88 92 96 100 104 108 112 116 120 124 128 132 136 140 144 148 152 156 160 164 168 172
node 8 size: 261747 MB
node 8 free: 255620 MB
node 250 cpus:
node 250 size: 16128 MB
node 250 free: 16125 MB
node 251 cpus:
node 251 size: 16128 MB
node 251 free: 16128 MB
node 252 cpus:
node 252 size: 16128 MB
node 252 free: 16128 MB
node 253 cpus:
node 253 size: 16128 MB
node 253 free: 16128 MB
node 254 cpus:
node 254 size: 16128 MB
node 254 free: 16128 MB
node 255 cpus:
node 255 size: 16128 MB
node 255 free: 16128 MB
node distances:
node   0   8  250  251  252  253  254  255 
  0:  10  40  80  80  80  80  80  80 
  8:  40  10  80  80  80  80  80  80 
 250:  80  80  10  80  80  80  80  80 
 251:  80  80  80  10  80  80  80  80 
 252:  80  80  80  80  10  80  80  80 
 253:  80  80  80  80  80  10  80  80 
 254:  80  80  80  80  80  80  10  80 
 255:  80  80  80  80  80  80  80  10 
available: 8 nodes (0,8,250-255)
node 0 cpus: 0 4 8 12 16 20 24 28 32 36 40 44 48 52 56 60 64 68 72 76 80 84
node 0 size: 260752 MB
node 0 free: 234688 MB
node 8 cpus: 88 92 96 100 104 108 112 116 120 124 128 132 136 140 144 148 152 156 160 164 168 172
node 8 size: 261747 MB
node 8 free: 254520 MB
node 250 cpus:
node 250 size: 16128 MB
node 250 free: 16125 MB
node 251 cpus:
node 251 size: 16128 MB
node 251 free: 16128 MB
node 252 cpus:
node 252 size: 16128 MB
node 252 free: 16128 MB
node 253 cpus:
node 253 size: 16128 MB
node 253 free: 16128 MB
node 254 cpus:
node 254 size: 16128 MB
node 254 free: 16128 MB
node 255 cpus:
node 255 size: 16128 MB
node 255 free: 16128 MB
node distances:
node   0   8  250  251  252  253  254  255 
  0:  10  40  80  80  80  80  80  80 
  8:  40  10  80  80  80  80  80  80 
 250:  80  80  10  80  80  80  80  80 
 251:  80  80  80  10  80  80  80  80 
 252:  80  80  80  80  10  80  80  80 
 253:  80  80  80  80  80  10  80  80 
 254:  80  80  80  80  80  80  10  80 
 255:  80  80  80  80  80  80  80  10 
available: 8 nodes (0,8,250-255)
node 0 cpus: 0 4 8 12 16 20 24 28 32 36 40 44 48 52 56 60 64 68 72 76 80 84
node 0 size: 260752 MB
node 0 free: 232688 MB
node 8 cpus: 88 92 96 100 104 108 112 116 120 124 128 132 136 140 144 148 152 156 160 164 168 172
node 8 size: 261747 MB
node 8 free: 255620 MB
node 250 cpus:
node 250 size: 16128 MB
node 250 free: 16125 MB
node 251 cpus:
node 251 size: 16128 MB
node 251 free: 16128 MB
node 252 cpus:
node 252 size: 16128 MB
node 252 free: 16128 MB
node 253 cpus:
node 253 size: 16128 MB
node 253 free: 16128 MB
node 254 cpus:
node 254 size: 16128 MB
node 254 free: 16128 MB
node 255 cpus:
node 255 size: 16128 MB
node 255 free: 16128 MB
node distances:
node   0   8  250  251  252  253  254  255 
  0:  10  40  80  80  80  80  80  80 
  8:  40  10  80  80  80  80  80  80 
 250:  80  80  10  80  80  80  80  80 
 251:  80  80  80  10  80  80  80  80 
 252:  80  80  80  80  10  80  80  80 
 253:  80  80  80  80  80  10  80  80 
 254:  80  80  80  80  80  80  10  80 
 255:  80  80  80  80  80  80  80  10 
available: 8 nodes (0,8,250-255)
node 0 cpus: 0 4 8 12 16 20 24 28 32 36 40 44 48 52 56 60 64 68 72 76 80 84
node 0 size: 260752 MB
node 0 free: 234688 MB
node 8 cpus: 88 92 96 100 104 108 112 116 120 124 128 132 136 140 144 148 152 156 160 164 168 172
node 8 size: 261747 MB
node 8 free: 254520 MB
node 250 cpus:
node 250 size: 16128 MB
node 250 free: 16125 MB
node 251 cpus:
node 251 size: 16128 MB
node 251 free: 16128 MB
node 252 cpus:
node 252 size: 16128 MB
node 252 free: 16128 MB
node 253 cpus:
node 253 size: 16128 MB
node 253 free: 16128 MB
node 254 cpus:
node 254 size: 16128 MB
node 254 free: 16128 MB
node 255 cpus:
node 255 size: 16128 MB
node 255 free: 16128 MB
node distances:
node   0   8  250  251  252  253  254  255 
  0:  10  40  80  80  80  80  80  80 
  8:  40  10  80  80  80  80  80  80 
 250:  80  80  10  80  80  80  80  80 
 251:  80  80  80  10  80  80  80  80 
 252:  80  80  80  80  10  80  80  80 
 253:  80  80  80  80  80  10  80  80 
 254:  80  80  80  80  80  80  10  80 
 255:  80  80  80  80  80  80  80  10 
available: 8 nodes (0,8,250-255)
node 0 cpus: 0 4 8 12 16 20 24 28 32 36 40 44 48 52 56 60 64 68 72 76 80 84
node 0 size: 260752 MB
node 0 free: 236625 MB
node 8 cpus: 88 92 96 100 104 108 112 116 120 124 128 132 136 140 144 148 152 156 160 164 168 172
node 8 size: 261747 MB
node 8 free: 252974 MB
node 250 cpus:
node 250 size: 16128 MB
node 250 free: 16125 MB
node 251 cpus:
node 251 size: 16128 MB
node 251 free: 16128 MB
node 252 cpus:
node 252 size: 16128 MB
node 252 free: 16128 MB
node 253 cpus:
node 253 size: 16128 MB
node 253 free: 16128 MB
node 254 cpus:
node 254 size: 16128 MB
node 254 free: 16128 MB
node 255 cpus:
node 255 size: 16128 MB
node 255 free: 16128 MB
node distances:
node   0   8  250  251  252  253  254  255 
  0:  10  40  80  80  80  80  80  80 
  8:  40  10  80  80  80  80  80  80 
 250:  80  80  10  80  80  80  80  80 
 251:  80  80  80  10  80  80  80  80 
 252:  80  80  80  80  10  80  80  80 
 253:  80  80  80  80  80  10  80  80 
 254:  80  80  80  80  80  80  10  80 
 255:  80  80  80  80  80  80  80  10 
available: 8 nodes (0,8,250-255)
node 0 cpus: 0 4 8 12 16 20 24 28 32 36 40 44 48 52 56 60 64 68 72 76 80 84
node 0 size: 260752 MB
node 0 free: 236625 MB
node 8 cpus: 88 92 96 100 104 108 112 116 120 124 128 132 136 140 144 148 152 156 160 164 168 172
node 8 size: 261747 MB
node 8 free: 252974 MB
node 250 cpus:
node 250 size: 16128 MB
node 250 free: 16125 MB
node 251 cpus:
node 251 size: 16128 MB
node 251 free: 16128 MB
node 252 cpus:
node 252 size: 16128 MB
node 252 free: 16128 MB
node 253 cpus:
node 253 size: 16128 MB
node 253 free: 16128 MB
node 254 cpus:
node 254 size: 16128 MB
node 254 free: 16128 MB
node 255 cpus:
node 255 size: 16128 MB
node 255 free: 16128 MB
node distances:
node   0   8  250  251  252  253  254  255 
  0:  10  40  80  80  80  80  80  80 
  8:  40  10  80  80  80  80  80  80 
 250:  80  80  10  80  80  80  80  80 
 251:  80  80  80  10  80  80  80  80 
 252:  80  80  80  80  10  80  80  80 
 253:  80  80  80  80  80  10  80  80 
 254:  80  80  80  80  80  80  10  80 
 255:  80  80  80  80  80  80  80  10 
available: 8 nodes (0,8,250-255)
node 0 cpus: 0 4 8 12 16 20 24 28 32 36 40 44 48 52 56 60 64 68 72 76 80 84
node 0 size: 260752 MB
node 0 free: 236625 MB
node 8 cpus: 88 92 96 100 104 108 112 116 120 124 128 132 136 140 144 148 152 156 160 164 168 172
node 8 size: 261747 MB
node 8 free: 252974 MB
node 250 cpus:
node 250 size: 16128 MB
node 250 free: 16125 MB
node 251 cpus:
node 251 size: 16128 MB
node 251 free: 16128 MB
node 252 cpus:
node 252 size: 16128 MB
node 252 free: 16128 MB
node 253 cpus:
node 253 size: 16128 MB
node 253 free: 16128 MB
node 254 cpus:
node 254 size: 16128 MB
node 254 free: 16128 MB
node 255 cpus:
node 255 size: 16128 MB
node 255 free: 16128 MB
node distances:
node   0   8  250  251  252  253  254  255 
  0:  10  40  80  80  80  80  80  80 
  8:  40  10  80  80  80  80  80  80 
 250:  80  80  10  80  80  80  80  80 
 251:  80  80  80  10  80  80  80  80 
 252:  80  80  80  80  10  80  80  80 
 253:  80  80  80  80  80  10  80  80 
 254:  80  80  80  80  80  80  10  80 
 255:  80  80  80  80  80  80  80  10 
available: 8 nodes (0,8,250-255)
node 0 cpus: 0 4 8 12 16 20 24 28 32 36 40 44 48 52 56 60 64 68 72 76 80 84
node 0 size: 260752 MB
node 0 free: 232779 MB
node 8 cpus: 88 92 96 100 104 108 112 116 120 124 128 132 136 140 144 148 152 156 160 164 168 172
node 8 size: 261747 MB
node 8 free: 254987 MB
node 250 cpus:
node 250 size: 16128 MB
node 250 free: 16126 MB
node 251 cpus:
node 251 size: 16128 MB
node 251 free: 16128 MB
node 252 cpus:
node 252 size: 16128 MB
node 252 free: 16128 MB
node 253 cpus:
node 253 size: 16128 MB
node 253 free: 16128 MB
node 254 cpus:
node 254 size: 16128 MB
node 254 free: 16128 MB
node 255 cpus:
node 255 size: 16128 MB
node 255 free: 16128 MB
node distances:
node   0   8  250  251  252  253  254  255 
  0:  10  40  80  80  80  80  80  80 
  8:  40  10  80  80  80  80  80  80 
 250:  80  80  10  80  80  80  80  80 
 251:  80  80  80  10  80  80  80  80 
 252:  80  80  80  80  10  80  80  80 
 253:  80  80  80  80  80  10  80  80 
 254:  80  80  80  80  80  80  10  80 
 255:  80  80  80  80  80  80  80  10 
available: 8 nodes (0,8,250-255)
node 0 cpus: 0 4 8 12 16 20 24 28 32 36 40 44 48 52 56 60 64 68 72 76 80 84
node 0 size: 260752 MB
node 0 free: 232779 MB
node 8 cpus: 88 92 96 100 104 108 112 116 120 124 128 132 136 140 144 148 152 156 160 164 168 172
node 8 size: 261747 MB
node 8 free: 254987 MB
node 250 cpus:
node 250 size: 16128 MB
node 250 free: 16126 MB
node 251 cpus:
node 251 size: 16128 MB
node 251 free: 16128 MB
node 252 cpus:
node 252 size: 16128 MB
node 252 free: 16128 MB
node 253 cpus:
node 253 size: 16128 MB
node 253 free: 16128 MB
node 254 cpus:
node 254 size: 16128 MB
node 254 free: 16128 MB
node 255 cpus:
node 255 size: 16128 MB
node 255 free: 16128 MB
node distances:
node   0   8  250  251  252  253  254  255 
  0:  10  40  80  80  80  80  80  80 
  8:  40  10  80  80  80  80  80  80 
 250:  80  80  10  80  80  80  80  80 
 251:  80  80  80  10  80  80  80  80 
 252:  80  80  80  80  10  80  80  80 
 253:  80  80  80  80  80  10  80  80 
 254:  80  80  80  80  80  80  10  80 
 255:  80  80  80  80  80  80  80  10 
available: 8 nodes (0,8,250-255)
node 0 cpus: 0 4 8 12 16 20 24 28 32 36 40 44 48 52 56 60 64 68 72 76 80 84
node 0 size: 260752 MB
node 0 free: 232779 MB
node 8 cpus: 88 92 96 100 104 108 112 116 120 124 128 132 136 140 144 148 152 156 160 164 168 172
node 8 size: 261747 MB
node 8 free: 254987 MB
node 250 cpus:
node 250 size: 16128 MB
node 250 free: 16126 MB
node 251 cpus:
node 251 size: 16128 MB
node 251 free: 16128 MB
node 252 cpus:
node 252 size: 16128 MB
node 252 free: 16128 MB
node 253 cpus:
node 253 size: 16128 MB
node 253 free: 16128 MB
node 254 cpus:
node 254 size: 16128 MB
node 254 free: 16128 MB
node 255 cpus:
node 255 size: 16128 MB
node 255 free: 16128 MB
node distances:
node   0   8  250  251  252  253  254  255 
  0:  10  40  80  80  80  80  80  80 
  8:  40  10  80  80  80  80  80  80 
 250:  80  80  10  80  80  80  80  80 
 251:  80  80  80  10  80  80  80  80 
 252:  80  80  80  80  10  80  80  80 
 253:  80  80  80  80  80  10  80  80 
 254:  80  80  80  80  80  80  10  80 
 255:  80  80  80  80  80  80  80  10 
available: 8 nodes (0,8,250-255)
node 0 cpus: 0 4 8 12 16 20 24 28 32 36 40 44 48 52 56 60 64 68 72 76 80 84
node 0 size: 260752 MB
node 0 free: 235114 MB
node 8 cpus: 88 92 96 100 104 108 112 116 120 124 128 132 136 140 144 148 152 156 160 164 168 172
node 8 size: 261747 MB
node 8 free: 254384 MB
node 250 cpus:
node 250 size: 16128 MB
node 250 free: 16125 MB
node 251 cpus:
node 251 size: 16128 MB
node 251 free: 16128 MB
node 252 cpus:
node 252 size: 16128 MB
node 252 free: 16128 MB
node 253 cpus:
node 253 size: 16128 MB
node 253 free: 16128 MB
node 254 cpus:
node 254 size: 16128 MB
node 254 free: 16128 MB
node 255 cpus:
node 255 size: 16128 MB
node 255 free: 16128 MB
node distances:
node   0   8  250  251  252  253  254  255 
  0:  10  40  80  80  80  80  80  80 
  8:  40  10  80  80  80  80  80  80 
 250:  80  80  10  80  80  80  80  80 
 251:  80  80  80  10  80  80  80  80 
 252:  80  80  80  80  10  80  80  80 
 253:  80  80  80  80  80  10  80  80 
 254:  80  80  80  80  80  80  10  80 
 255:  80  80  80  80  80  80  80  10 
available: 8 nodes (0,8,250-255)
node 0 cpus: 0 4 8 12 16 20 24 28 32 36 40 44 48 52 56 60 64 68 72 76 80 84
node 0 size: 260752 MB
node 0 free: 235114 MB
node 8 cpus: 88 92 96 100 104 108 112 116 120 124 128 132 136 140 144 148 152 156 160 164 168 172
node 8 size: 261747 MB
node 8 free: 254384 MB
node 250 cpus:
node 250 size: 16128 MB
node 250 free: 16125 MB
node 251 cpus:
node 251 size: 16128 MB
node 251 free: 16128 MB
node 252 cpus:
node 252 size: 16128 MB
node 252 free: 16128 MB
node 253 cpus:
node 253 size: 16128 MB
node 253 free: 16128 MB
node 254 cpus:
node 254 size: 16128 MB
node 254 free: 16128 MB
node 255 cpus:
node 255 size: 16128 MB
node 255 free: 16128 MB
node distances:
node   0   8  250  251  252  253  254  255 
  0:  10  40  80  80  80  80  80  80 
  8:  40  10  80  80  80  80  80  80 
 250:  80  80  10  80  80  80  80  80 
 251:  80  80  80  10  80  80  80  80 
 252:  80  80  80  80  10  80  80  80 
 253:  80  80  80  80  80  10  80  80 
 254:  80  80  80  80  80  80  10  80 
 255:  80  80  80  80  80  80  80  10 
available: 8 nodes (0,8,250-255)
node 0 cpus: 0 4 8 12 16 20 24 28 32 36 40 44 48 52 56 60 64 68 72 76 80 84
node 0 size: 260752 MB
node 0 free: 235114 MB
node 8 cpus: 88 92 96 100 104 108 112 116 120 124 128 132 136 140 144 148 152 156 160 164 168 172
node 8 size: 261747 MB
node 8 free: 254384 MB
node 250 cpus:
node 250 size: 16128 MB
node 250 free: 16125 MB
node 251 cpus:
node 251 size: 16128 MB
node 251 free: 16128 MB
node 252 cpus:
node 252 size: 16128 MB
node 252 free: 16128 MB
node 253 cpus:
node 253 size: 16128 MB
node 253 free: 16128 MB
node 254 cpus:
node 254 size: 16128 MB
node 254 free: 16128 MB
node 255 cpus:
node 255 size: 16128 MB
node 255 free: 16128 MB
node distances:
node   0   8  250  251  252  253  254  255 
  0:  10  40  80  80  80  80  80  80 
  8:  40  10  80  80  80  80  80  80 
 250:  80  80  10  80  80  80  80  80 
 251:  80  80  80  10  80  80  80  80 
 252:  80  80  80  80  10  80  80  80 
 253:  80  80  80  80  80  10  80  80 
 254:  80  80  80  80  80  80  10  80 
 255:  80  80  80  80  80  80  80  10 
available: 8 nodes (0,8,250-255)
node 0 cpus: 0 4 8 12 16 20 24 28 32 36 40 44 48 52 56 60 64 68 72 76 80 84
node 0 size: 260752 MB
node 0 free: 253181 MB
node 8 cpus: 88 92 96 100 104 108 112 116 120 124 128 132 136 140 144 148 152 156 160 164 168 172
node 8 size: 261747 MB
node 8 free: 235223 MB
node 250 cpus:
node 250 size: 16128 MB
node 250 free: 16125 MB
node 251 cpus:
node 251 size: 16128 MB
node 251 free: 16128 MB
node 252 cpus:
node 252 size: 16128 MB
node 252 free: 16128 MB
node 253 cpus:
node 253 size: 16128 MB
node 253 free: 16128 MB
node 254 cpus:
node 254 size: 16128 MB
node 254 free: 16128 MB
node 255 cpus:
node 255 size: 16128 MB
node 255 free: 16128 MB
node distances:
node   0   8  250  251  252  253  254  255 
  0:  10  40  80  80  80  80  80  80 
  8:  40  10  80  80  80  80  80  80 
 250:  80  80  10  80  80  80  80  80 
 251:  80  80  80  10  80  80  80  80 
 252:  80  80  80  80  10  80  80  80 
 253:  80  80  80  80  80  10  80  80 
 254:  80  80  80  80  80  80  10  80 
 255:  80  80  80  80  80  80  80  10 
available: 8 nodes (0,8,250-255)
node 0 cpus: 0 4 8 12 16 20 24 28 32 36 40 44 48 52 56 60 64 68 72 76 80 84
node 0 size: 260752 MB
node 0 free: 235114 MB
node 8 cpus: 88 92 96 100 104 108 112 116 120 124 128 132 136 140 144 148 152 156 160 164 168 172
node 8 size: 261747 MB
node 8 free: 254384 MB
node 250 cpus:
node 250 size: 16128 MB
node 250 free: 16125 MB
node 251 cpus:
node 251 size: 16128 MB
node 251 free: 16128 MB
node 252 cpus:
node 252 size: 16128 MB
node 252 free: 16128 MB
node 253 cpus:
node 253 size: 16128 MB
node 253 free: 16128 MB
node 254 cpus:
node 254 size: 16128 MB
node 254 free: 16128 MB
node 255 cpus:
node 255 size: 16128 MB
node 255 free: 16128 MB
node distances:
node   0   8  250  251  252  253  254  255 
  0:  10  40  80  80  80  80  80  80 
  8:  40  10  80  80  80  80  80  80 
 250:  80  80  10  80  80  80  80  80 
 251:  80  80  80  10  80  80  80  80 
 252:  80  80  80  80  10  80  80  80 
 253:  80  80  80  80  80  10  80  80 
 254:  80  80  80  80  80  80  10  80 
 255:  80  80  80  80  80  80  80  10 
available: 8 nodes (0,8,250-255)
node 0 cpus: 0 4 8 12 16 20 24 28 32 36 40 44 48 52 56 60 64 68 72 76 80 84
node 0 size: 260752 MB
node 0 free: 253181 MB
node 8 cpus: 88 92 96 100 104 108 112 116 120 124 128 132 136 140 144 148 152 156 160 164 168 172
node 8 size: 261747 MB
node 8 free: 235223 MB
node 250 cpus:
node 250 size: 16128 MB
node 250 free: 16125 MB
node 251 cpus:
node 251 size: 16128 MB
node 251 free: 16128 MB
node 252 cpus:
node 252 size: 16128 MB
node 252 free: 16128 MB
node 253 cpus:
node 253 size: 16128 MB
node 253 free: 16128 MB
node 254 cpus:
node 254 size: 16128 MB
node 254 free: 16128 MB
node 255 cpus:
node 255 size: 16128 MB
node 255 free: 16128 MB
node distances:
node   0   8  250  251  252  253  254  255 
  0:  10  40  80  80  80  80  80  80 
  8:  40  10  80  80  80  80  80  80 
 250:  80  80  10  80  80  80  80  80 
 251:  80  80  80  10  80  80  80  80 
 252:  80  80  80  80  10  80  80  80 
 253:  80  80  80  80  80  10  80  80 
 254:  80  80  80  80  80  80  10  80 
 255:  80  80  80  80  80  80  80  10 
available: 8 nodes (0,8,250-255)
node 0 cpus: 0 4 8 12 16 20 24 28 32 36 40 44 48 52 56 60 64 68 72 76 80 84
node 0 size: 260752 MB
node 0 free: 231340 MB
node 8 cpus: 88 92 96 100 104 108 112 116 120 124 128 132 136 140 144 148 152 156 160 164 168 172
node 8 size: 261747 MB
node 8 free: 256484 MB
node 250 cpus:
node 250 size: 16128 MB
node 250 free: 16125 MB
node 251 cpus:
node 251 size: 16128 MB
node 251 free: 16128 MB
node 252 cpus:
node 252 size: 16128 MB
node 252 free: 16128 MB
node 253 cpus:
node 253 size: 16128 MB
node 253 free: 16128 MB
node 254 cpus:
node 254 size: 16128 MB
node 254 free: 16128 MB
node 255 cpus:
node 255 size: 16128 MB
node 255 free: 16128 MB
node distances:
node   0   8  250  251  252  253  254  255 
  0:  10  40  80  80  80  80  80  80 
  8:  40  10  80  80  80  80  80  80 
 250:  80  80  10  80  80  80  80  80 
 251:  80  80  80  10  80  80  80  80 
 252:  80  80  80  80  10  80  80  80 
 253:  80  80  80  80  80  10  80  80 
 254:  80  80  80  80  80  80  10  80 
 255:  80  80  80  80  80  80  80  10 
available: 8 nodes (0,8,250-255)
node 0 cpus: 0 4 8 12 16 20 24 28 32 36 40 44 48 52 56 60 64 68 72 76 80 84
node 0 size: 260752 MB
node 0 free: 253181 MB
node 8 cpus: 88 92 96 100 104 108 112 116 120 124 128 132 136 140 144 148 152 156 160 164 168 172
node 8 size: 261747 MB
node 8 free: 235223 MB
node 250 cpus:
node 250 size: 16128 MB
node 250 free: 16125 MB
node 251 cpus:
node 251 size: 16128 MB
node 251 free: 16128 MB
node 252 cpus:
node 252 size: 16128 MB
node 252 free: 16128 MB
node 253 cpus:
node 253 size: 16128 MB
node 253 free: 16128 MB
node 254 cpus:
node 254 size: 16128 MB
node 254 free: 16128 MB
node 255 cpus:
node 255 size: 16128 MB
node 255 free: 16128 MB
node distances:
node   0   8  250  251  252  253  254  255 
  0:  10  40  80  80  80  80  80  80 
  8:  40  10  80  80  80  80  80  80 
 250:  80  80  10  80  80  80  80  80 
 251:  80  80  80  10  80  80  80  80 
 252:  80  80  80  80  10  80  80  80 
 253:  80  80  80  80  80  10  80  80 
 254:  80  80  80  80  80  80  10  80 
 255:  80  80  80  80  80  80  80  10 
available: 8 nodes (0,8,250-255)
node 0 cpus: 0 4 8 12 16 20 24 28 32 36 40 44 48 52 56 60 64 68 72 76 80 84
node 0 size: 260752 MB
node 0 free: 231340 MB
node 8 cpus: 88 92 96 100 104 108 112 116 120 124 128 132 136 140 144 148 152 156 160 164 168 172
node 8 size: 261747 MB
node 8 free: 256484 MB
node 250 cpus:
node 250 size: 16128 MB
node 250 free: 16125 MB
node 251 cpus:
node 251 size: 16128 MB
node 251 free: 16128 MB
node 252 cpus:
node 252 size: 16128 MB
node 252 free: 16128 MB
node 253 cpus:
node 253 size: 16128 MB
node 253 free: 16128 MB
node 254 cpus:
node 254 size: 16128 MB
node 254 free: 16128 MB
node 255 cpus:
node 255 size: 16128 MB
node 255 free: 16128 MB
node distances:
node   0   8  250  251  252  253  254  255 
  0:  10  40  80  80  80  80  80  80 
  8:  40  10  80  80  80  80  80  80 
 250:  80  80  10  80  80  80  80  80 
 251:  80  80  80  10  80  80  80  80 
 252:  80  80  80  80  10  80  80  80 
 253:  80  80  80  80  80  10  80  80 
 254:  80  80  80  80  80  80  10  80 
 255:  80  80  80  80  80  80  80  10 
available: 8 nodes (0,8,250-255)
node 0 cpus: 0 4 8 12 16 20 24 28 32 36 40 44 48 52 56 60 64 68 72 76 80 84
node 0 size: 260752 MB
node 0 free: 253181 MB
node 8 cpus: 88 92 96 100 104 108 112 116 120 124 128 132 136 140 144 148 152 156 160 164 168 172
node 8 size: 261747 MB
node 8 free: 235223 MB
node 250 cpus:
node 250 size: 16128 MB
node 250 free: 16125 MB
node 251 cpus:
node 251 size: 16128 MB
node 251 free: 16128 MB
node 252 cpus:
node 252 size: 16128 MB
node 252 free: 16128 MB
node 253 cpus:
node 253 size: 16128 MB
node 253 free: 16128 MB
node 254 cpus:
node 254 size: 16128 MB
node 254 free: 16128 MB
node 255 cpus:
node 255 size: 16128 MB
node 255 free: 16128 MB
node distances:
node   0   8  250  251  252  253  254  255 
  0:  10  40  80  80  80  80  80  80 
  8:  40  10  80  80  80  80  80  80 
 250:  80  80  10  80  80  80  80  80 
 251:  80  80  80  10  80  80  80  80 
 252:  80  80  80  80  10  80  80  80 
 253:  80  80  80  80  80  10  80  80 
 254:  80  80  80  80  80  80  10  80 
 255:  80  80  80  80  80  80  80  10 
available: 8 nodes (0,8,250-255)
node 0 cpus: 0 4 8 12 16 20 24 28 32 36 40 44 48 52 56 60 64 68 72 76 80 84
node 0 size: 260752 MB
node 0 free: 232779 MB
node 8 cpus: 88 92 96 100 104 108 112 116 120 124 128 132 136 140 144 148 152 156 160 164 168 172
node 8 size: 261747 MB
node 8 free: 254987 MB
node 250 cpus:
node 250 size: 16128 MB
node 250 free: 16126 MB
node 251 cpus:
node 251 size: 16128 MB
node 251 free: 16128 MB
node 252 cpus:
node 252 size: 16128 MB
node 252 free: 16128 MB
node 253 cpus:
node 253 size: 16128 MB
node 253 free: 16128 MB
node 254 cpus:
node 254 size: 16128 MB
node 254 free: 16128 MB
node 255 cpus:
node 255 size: 16128 MB
node 255 free: 16128 MB
node distances:
node   0   8  250  251  252  253  254  255 
  0:  10  40  80  80  80  80  80  80 
  8:  40  10  80  80  80  80  80  80 
 250:  80  80  10  80  80  80  80  80 
 251:  80  80  80  10  80  80  80  80 
 252:  80  80  80  80  10  80  80  80 
 253:  80  80  80  80  80  10  80  80 
 254:  80  80  80  80  80  80  10  80 
 255:  80  80  80  80  80  80  80  10 
available: 8 nodes (0,8,250-255)
node 0 cpus: 0 4 8 12 16 20 24 28 32 36 40 44 48 52 56 60 64 68 72 76 80 84
node 0 size: 260752 MB
node 0 free: 231340 MB
node 8 cpus: 88 92 96 100 104 108 112 116 120 124 128 132 136 140 144 148 152 156 160 164 168 172
node 8 size: 261747 MB
node 8 free: 256484 MB
node 250 cpus:
node 250 size: 16128 MB
node 250 free: 16125 MB
node 251 cpus:
node 251 size: 16128 MB
node 251 free: 16128 MB
node 252 cpus:
node 252 size: 16128 MB
node 252 free: 16128 MB
node 253 cpus:
node 253 size: 16128 MB
node 253 free: 16128 MB
node 254 cpus:
node 254 size: 16128 MB
node 254 free: 16128 MB
node 255 cpus:
node 255 size: 16128 MB
node 255 free: 16128 MB
node distances:
node   0   8  250  251  252  253  254  255 
  0:  10  40  80  80  80  80  80  80 
  8:  40  10  80  80  80  80  80  80 
 250:  80  80  10  80  80  80  80  80 
 251:  80  80  80  10  80  80  80  80 
 252:  80  80  80  80  10  80  80  80 
 253:  80  80  80  80  80  10  80  80 
 254:  80  80  80  80  80  80  10  80 
 255:  80  80  80  80  80  80  80  10 
available: 8 nodes (0,8,250-255)
node 0 cpus: 0 4 8 12 16 20 24 28 32 36 40 44 48 52 56 60 64 68 72 76 80 84
node 0 size: 260752 MB
node 0 free: 231340 MB
node 8 cpus: 88 92 96 100 104 108 112 116 120 124 128 132 136 140 144 148 152 156 160 164 168 172
node 8 size: 261747 MB
node 8 free: 256484 MB
node 250 cpus:
node 250 size: 16128 MB
node 250 free: 16125 MB
node 251 cpus:
node 251 size: 16128 MB
node 251 free: 16128 MB
node 252 cpus:
node 252 size: 16128 MB
node 252 free: 16128 MB
node 253 cpus:
node 253 size: 16128 MB
node 253 free: 16128 MB
node 254 cpus:
node 254 size: 16128 MB
node 254 free: 16128 MB
node 255 cpus:
node 255 size: 16128 MB
node 255 free: 16128 MB
node distances:
node   0   8  250  251  252  253  254  255 
  0:  10  40  80  80  80  80  80  80 
  8:  40  10  80  80  80  80  80  80 
 250:  80  80  10  80  80  80  80  80 
 251:  80  80  80  10  80  80  80  80 
 252:  80  80  80  80  10  80  80  80 
 253:  80  80  80  80  80  10  80  80 
 254:  80  80  80  80  80  80  10  80 
 255:  80  80  80  80  80  80  80  10 
available: 8 nodes (0,8,250-255)
node 0 cpus: 0 4 8 12 16 20 24 28 32 36 40 44 48 52 56 60 64 68 72 76 80 84
node 0 size: 260752 MB
node 0 free: 239687 MB
node 8 cpus: 88 92 96 100 104 108 112 116 120 124 128 132 136 140 144 148 152 156 160 164 168 172
node 8 size: 261747 MB
node 8 free: 248871 MB
node 250 cpus:
node 250 size: 16128 MB
node 250 free: 16125 MB
node 251 cpus:
node 251 size: 16128 MB
node 251 free: 16128 MB
node 252 cpus:
node 252 size: 16128 MB
node 252 free: 16128 MB
node 253 cpus:
node 253 size: 16128 MB
node 253 free: 16128 MB
node 254 cpus:
node 254 size: 16128 MB
node 254 free: 16128 MB
node 255 cpus:
node 255 size: 16128 MB
node 255 free: 16128 MB
node distances:
node   0   8  250  251  252  253  254  255 
  0:  10  40  80  80  80  80  80  80 
  8:  40  10  80  80  80  80  80  80 
 250:  80  80  10  80  80  80  80  80 
 251:  80  80  80  10  80  80  80  80 
 252:  80  80  80  80  10  80  80  80 
 253:  80  80  80  80  80  10  80  80 
 254:  80  80  80  80  80  80  10  80 
 255:  80  80  80  80  80  80  80  10 
available: 8 nodes (0,8,250-255)
node 0 cpus: 0 4 8 12 16 20 24 28 32 36 40 44 48 52 56 60 64 68 72 76 80 84
node 0 size: 260752 MB
node 0 free: 239687 MB
node 8 cpus: 88 92 96 100 104 108 112 116 120 124 128 132 136 140 144 148 152 156 160 164 168 172
node 8 size: 261747 MB
node 8 free: 248871 MB
node 250 cpus:
node 250 size: 16128 MB
node 250 free: 16125 MB
node 251 cpus:
node 251 size: 16128 MB
node 251 free: 16128 MB
node 252 cpus:
node 252 size: 16128 MB
node 252 free: 16128 MB
node 253 cpus:
node 253 size: 16128 MB
node 253 free: 16128 MB
node 254 cpus:
node 254 size: 16128 MB
node 254 free: 16128 MB
node 255 cpus:
node 255 size: 16128 MB
node 255 free: 16128 MB
node distances:
node   0   8  250  251  252  253  254  255 
  0:  10  40  80  80  80  80  80  80 
  8:  40  10  80  80  80  80  80  80 
 250:  80  80  10  80  80  80  80  80 
 251:  80  80  80  10  80  80  80  80 
 252:  80  80  80  80  10  80  80  80 
 253:  80  80  80  80  80  10  80  80 
 254:  80  80  80  80  80  80  10  80 
 255:  80  80  80  80  80  80  80  10 
available: 8 nodes (0,8,250-255)
node 0 cpus: 0 4 8 12 16 20 24 28 32 36 40 44 48 52 56 60 64 68 72 76 80 84
node 0 size: 260752 MB
node 0 free: 239687 MB
node 8 cpus: 88 92 96 100 104 108 112 116 120 124 128 132 136 140 144 148 152 156 160 164 168 172
node 8 size: 261747 MB
node 8 free: 248871 MB
node 250 cpus:
node 250 size: 16128 MB
node 250 free: 16125 MB
node 251 cpus:
node 251 size: 16128 MB
node 251 free: 16128 MB
node 252 cpus:
node 252 size: 16128 MB
node 252 free: 16128 MB
node 253 cpus:
node 253 size: 16128 MB
node 253 free: 16128 MB
node 254 cpus:
node 254 size: 16128 MB
node 254 free: 16128 MB
node 255 cpus:
node 255 size: 16128 MB
node 255 free: 16128 MB
node distances:
node   0   8  250  251  252  253  254  255 
  0:  10  40  80  80  80  80  80  80 
  8:  40  10  80  80  80  80  80  80 
 250:  80  80  10  80  80  80  80  80 
 251:  80  80  80  10  80  80  80  80 
 252:  80  80  80  80  10  80  80  80 
 253:  80  80  80  80  80  10  80  80 
 254:  80  80  80  80  80  80  10  80 
 255:  80  80  80  80  80  80  80  10 
available: 8 nodes (0,8,250-255)
node 0 cpus: 0 4 8 12 16 20 24 28 32 36 40 44 48 52 56 60 64 68 72 76 80 84
node 0 size: 260752 MB
node 0 free: 239687 MB
node 8 cpus: 88 92 96 100 104 108 112 116 120 124 128 132 136 140 144 148 152 156 160 164 168 172
node 8 size: 261747 MB
node 8 free: 248871 MB
node 250 cpus:
node 250 size: 16128 MB
node 250 free: 16125 MB
node 251 cpus:
node 251 size: 16128 MB
node 251 free: 16128 MB
node 252 cpus:
node 252 size: 16128 MB
node 252 free: 16128 MB
node 253 cpus:
node 253 size: 16128 MB
node 253 free: 16128 MB
node 254 cpus:
node 254 size: 16128 MB
node 254 free: 16128 MB
node 255 cpus:
node 255 size: 16128 MB
node 255 free: 16128 MB
node distances:
node   0   8  250  251  252  253  254  255 
  0:  10  40  80  80  80  80  80  80 
  8:  40  10  80  80  80  80  80  80 
 250:  80  80  10  80  80  80  80  80 
 251:  80  80  80  10  80  80  80  80 
 252:  80  80  80  80  10  80  80  80 
 253:  80  80  80  80  80  10  80  80 
 254:  80  80  80  80  80  80  10  80 
 255:  80  80  80  80  80  80  80  10 
available: 8 nodes (0,8,250-255)
node 0 cpus: 0 4 8 12 16 20 24 28 32 36 40 44 48 52 56 60 64 68 72 76 80 84
node 0 size: 260752 MB
node 0 free: 235718 MB
node 8 cpus: 88 92 96 100 104 108 112 116 120 124 128 132 136 140 144 148 152 156 160 164 168 172
node 8 size: 261747 MB
node 8 free: 252954 MB
node 250 cpus:
node 250 size: 16128 MB
node 250 free: 16125 MB
node 251 cpus:
node 251 size: 16128 MB
node 251 free: 16128 MB
node 252 cpus:
node 252 size: 16128 MB
node 252 free: 16128 MB
node 253 cpus:
node 253 size: 16128 MB
node 253 free: 16128 MB
node 254 cpus:
node 254 size: 16128 MB
node 254 free: 16128 MB
node 255 cpus:
node 255 size: 16128 MB
node 255 free: 16128 MB
node distances:
node   0   8  250  251  252  253  254  255 
  0:  10  40  80  80  80  80  80  80 
  8:  40  10  80  80  80  80  80  80 
 250:  80  80  10  80  80  80  80  80 
 251:  80  80  80  10  80  80  80  80 
 252:  80  80  80  80  10  80  80  80 
 253:  80  80  80  80  80  10  80  80 
 254:  80  80  80  80  80  80  10  80 
 255:  80  80  80  80  80  80  80  10 
available: 8 nodes (0,8,250-255)
node 0 cpus: 0 4 8 12 16 20 24 28 32 36 40 44 48 52 56 60 64 68 72 76 80 84
node 0 size: 260752 MB
node 0 free: 235718 MB
node 8 cpus: 88 92 96 100 104 108 112 116 120 124 128 132 136 140 144 148 152 156 160 164 168 172
node 8 size: 261747 MB
node 8 free: 252954 MB
node 250 cpus:
node 250 size: 16128 MB
node 250 free: 16125 MB
node 251 cpus:
node 251 size: 16128 MB
node 251 free: 16128 MB
node 252 cpus:
node 252 size: 16128 MB
node 252 free: 16128 MB
node 253 cpus:
node 253 size: 16128 MB
node 253 free: 16128 MB
node 254 cpus:
node 254 size: 16128 MB
node 254 free: 16128 MB
node 255 cpus:
node 255 size: 16128 MB
node 255 free: 16128 MB
node distances:
node   0   8  250  251  252  253  254  255 
  0:  10  40  80  80  80  80  80  80 
  8:  40  10  80  80  80  80  80  80 
 250:  80  80  10  80  80  80  80  80 
 251:  80  80  80  10  80  80  80  80 
 252:  80  80  80  80  10  80  80  80 
 253:  80  80  80  80  80  10  80  80 
 254:  80  80  80  80  80  80  10  80 
 255:  80  80  80  80  80  80  80  10 
available: 8 nodes (0,8,250-255)
node 0 cpus: 0 4 8 12 16 20 24 28 32 36 40 44 48 52 56 60 64 68 72 76 80 84
node 0 size: 260752 MB
node 0 free: 235718 MB
node 8 cpus: 88 92 96 100 104 108 112 116 120 124 128 132 136 140 144 148 152 156 160 164 168 172
node 8 size: 261747 MB
node 8 free: 252954 MB
node 250 cpus:
node 250 size: 16128 MB
node 250 free: 16125 MB
node 251 cpus:
node 251 size: 16128 MB
node 251 free: 16128 MB
node 252 cpus:
node 252 size: 16128 MB
node 252 free: 16128 MB
node 253 cpus:
node 253 size: 16128 MB
node 253 free: 16128 MB
node 254 cpus:
node 254 size: 16128 MB
node 254 free: 16128 MB
node 255 cpus:
node 255 size: 16128 MB
node 255 free: 16128 MB
node distances:
node   0   8  250  251  252  253  254  255 
  0:  10  40  80  80  80  80  80  80 
  8:  40  10  80  80  80  80  80  80 
 250:  80  80  10  80  80  80  80  80 
 251:  80  80  80  10  80  80  80  80 
 252:  80  80  80  80  10  80  80  80 
 253:  80  80  80  80  80  10  80  80 
 254:  80  80  80  80  80  80  10  80 
 255:  80  80  80  80  80  80  80  10 
available: 8 nodes (0,8,250-255)
node 0 cpus: 0 4 8 12 16 20 24 28 32 36 40 44 48 52 56 60 64 68 72 76 80 84
node 0 size: 260752 MB
node 0 free: 235718 MB
node 8 cpus: 88 92 96 100 104 108 112 116 120 124 128 132 136 140 144 148 152 156 160 164 168 172
node 8 size: 261747 MB
node 8 free: 252954 MB
node 250 cpus:
node 250 size: 16128 MB
node 250 free: 16125 MB
node 251 cpus:
node 251 size: 16128 MB
node 251 free: 16128 MB
node 252 cpus:
node 252 size: 16128 MB
node 252 free: 16128 MB
node 253 cpus:
node 253 size: 16128 MB
node 253 free: 16128 MB
node 254 cpus:
node 254 size: 16128 MB
node 254 free: 16128 MB
node 255 cpus:
node 255 size: 16128 MB
node 255 free: 16128 MB
node distances:
node   0   8  250  251  252  253  254  255 
  0:  10  40  80  80  80  80  80  80 
  8:  40  10  80  80  80  80  80  80 
 250:  80  80  10  80  80  80  80  80 
 251:  80  80  80  10  80  80  80  80 
 252:  80  80  80  80  10  80  80  80 
 253:  80  80  80  80  80  10  80  80 
 254:  80  80  80  80  80  80  10  80 
 255:  80  80  80  80  80  80  80  10 
available: 8 nodes (0,8,250-255)
node 0 cpus: 0 4 8 12 16 20 24 28 32 36 40 44 48 52 56 60 64 68 72 76 80 84
node 0 size: 260752 MB
node 0 free: 234503 MB
node 8 cpus: 88 92 96 100 104 108 112 116 120 124 128 132 136 140 144 148 152 156 160 164 168 172
node 8 size: 261747 MB
node 8 free: 252889 MB
node 250 cpus:
node 250 size: 16128 MB
node 250 free: 16125 MB
node 251 cpus:
node 251 size: 16128 MB
node 251 free: 16128 MB
node 252 cpus:
node 252 size: 16128 MB
node 252 free: 16128 MB
node 253 cpus:
node 253 size: 16128 MB
node 253 free: 16128 MB
node 254 cpus:
node 254 size: 16128 MB
node 254 free: 16128 MB
node 255 cpus:
node 255 size: 16128 MB
node 255 free: 16128 MB
node distances:
node   0   8  250  251  252  253  254  255 
  0:  10  40  80  80  80  80  80  80 
  8:  40  10  80  80  80  80  80  80 
 250:  80  80  10  80  80  80  80  80 
 251:  80  80  80  10  80  80  80  80 
 252:  80  80  80  80  10  80  80  80 
 253:  80  80  80  80  80  10  80  80 
 254:  80  80  80  80  80  80  10  80 
 255:  80  80  80  80  80  80  80  10 
available: 8 nodes (0,8,250-255)
node 0 cpus: 0 4 8 12 16 20 24 28 32 36 40 44 48 52 56 60 64 68 72 76 80 84
node 0 size: 260752 MB
node 0 free: 234503 MB
node 8 cpus: 88 92 96 100 104 108 112 116 120 124 128 132 136 140 144 148 152 156 160 164 168 172
node 8 size: 261747 MB
node 8 free: 252889 MB
node 250 cpus:
node 250 size: 16128 MB
node 250 free: 16125 MB
node 251 cpus:
node 251 size: 16128 MB
node 251 free: 16128 MB
node 252 cpus:
node 252 size: 16128 MB
node 252 free: 16128 MB
node 253 cpus:
node 253 size: 16128 MB
node 253 free: 16128 MB
node 254 cpus:
node 254 size: 16128 MB
node 254 free: 16128 MB
node 255 cpus:
node 255 size: 16128 MB
node 255 free: 16128 MB
node distances:
node   0   8  250  251  252  253  254  255 
  0:  10  40  80  80  80  80  80  80 
  8:  40  10  80  80  80  80  80  80 
 250:  80  80  10  80  80  80  80  80 
 251:  80  80  80  10  80  80  80  80 
 252:  80  80  80  80  10  80  80  80 
 253:  80  80  80  80  80  10  80  80 
 254:  80  80  80  80  80  80  10  80 
 255:  80  80  80  80  80  80  80  10 
available: 8 nodes (0,8,250-255)
node 0 cpus: 0 4 8 12 16 20 24 28 32 36 40 44 48 52 56 60 64 68 72 76 80 84
node 0 size: 260752 MB
node 0 free: 234503 MB
node 8 cpus: 88 92 96 100 104 108 112 116 120 124 128 132 136 140 144 148 152 156 160 164 168 172
node 8 size: 261747 MB
node 8 free: 252889 MB
node 250 cpus:
node 250 size: 16128 MB
node 250 free: 16125 MB
node 251 cpus:
node 251 size: 16128 MB
node 251 free: 16128 MB
node 252 cpus:
node 252 size: 16128 MB
node 252 free: 16128 MB
node 253 cpus:
node 253 size: 16128 MB
node 253 free: 16128 MB
node 254 cpus:
node 254 size: 16128 MB
node 254 free: 16128 MB
node 255 cpus:
node 255 size: 16128 MB
node 255 free: 16128 MB
node distances:
node   0   8  250  251  252  253  254  255 
  0:  10  40  80  80  80  80  80  80 
  8:  40  10  80  80  80  80  80  80 
 250:  80  80  10  80  80  80  80  80 
 251:  80  80  80  10  80  80  80  80 
 252:  80  80  80  80  10  80  80  80 
 253:  80  80  80  80  80  10  80  80 
 254:  80  80  80  80  80  80  10  80 
 255:  80  80  80  80  80  80  80  10 
available: 8 nodes (0,8,250-255)
node 0 cpus: 0 4 8 12 16 20 24 28 32 36 40 44 48 52 56 60 64 68 72 76 80 84
node 0 size: 260752 MB
node 0 free: 234503 MB
node 8 cpus: 88 92 96 100 104 108 112 116 120 124 128 132 136 140 144 148 152 156 160 164 168 172
node 8 size: 261747 MB
node 8 free: 252889 MB
node 250 cpus:
node 250 size: 16128 MB
node 250 free: 16125 MB
node 251 cpus:
node 251 size: 16128 MB
node 251 free: 16128 MB
node 252 cpus:
node 252 size: 16128 MB
node 252 free: 16128 MB
node 253 cpus:
node 253 size: 16128 MB
